Command line invocation:
    /Applications/Xcode_26.6.app/Contents/Developer/usr/bin/xcodebuild -project Yakusoku.xcodeproj -scheme Yakusoku -sdk iphoneos -configuration Release -archivePath build/Yakusoku.xcarchive archive CODE_SIGN_IDENTITY= CODE_SIGNING_REQUIRED=NO CODE_SIGNING_ALLOWED=NO

Build settings from command line:
    CODE_SIGN_IDENTITY = 
    CODE_SIGNING_ALLOWED = NO
    CODE_SIGNING_REQUIRED = NO
    SDKROOT = iphoneos26.5

2026-09-02 19:28:41.561 xcodebuild[2107:9965] [MT] IDERunDestination: Supported platforms for the buildables in the current scheme is empty.
--- xcodebuild: WARNING: Using the first of multiple matching destinations:
{ platform:iOS, id:dvtdevice-DVTiPhonePlaceholder-iphoneos:placeholder, name:Any iOS Device }
{ platform:iOS Simulator, id:dvtdevice-DVTiOSDeviceSimulatorPlaceholder-iphonesimulator:placeholder, name:Any iOS Simulator Device }
{ platform:macOS, arch:arm64, variant:Designed for [iPad,iPhone], id:bf980bca88e2677bc84c51c80c9fec42457bcf1f, name:My Mac }
note: Using codesigning identity override: 
ComputePackagePrebuildTargetDependencyGraph

Prepare packages

CreateBuildRequest

SendProjectDescription

CreateBuildOperation

ComputeTargetDependencyGraph
note: Building targets in dependency order
note: Target dependency graph (1 target)
    Target 'Yakusoku' in project 'Yakusoku' (no dependencies)

GatherProvisioningInputs

CreateBuildDescription

ExecuteExternalTool /Applications/Xcode_26.6.app/Contents/Developer/Toolchains/XcodeDefault.xctoolchain/usr/bin/swiftc --version

ExecuteExternalTool /Applications/Xcode_26.6.app/Contents/Developer/Toolchains/XcodeDefault.xctoolchain/usr/bin/clang -v -E -dM -isysroot /Applications/Xcode_26.6.app/Contents/Developer/Platforms/iPhoneOS.platform/Developer/SDKs/iPhoneOS26.5.sdk -x c -c /dev/null

ExecuteExternalTool /Applications/Xcode_26.6.app/Contents/Developer/Toolchains/XcodeDefault.xctoolchain/usr/bin/ld -version_details

Build description signature: d3d121ad6abfef4e6c8161f37f31dce1
Build description path: /Users/runner/Library/Developer/Xcode/DerivedData/Yakusoku-egqvbuwaxpgagofmgmssfdirwlml/Build/Intermediates.noindex/ArchiveIntermediates/Yakusoku/IntermediateBuildFilesPath/XCBuildData/d3d121ad6abfef4e6c8161f37f31dce1.xcbuilddata
CreateBuildDirectory /Users/runner/Library/Developer/Xcode/DerivedData/Yakusoku-egqvbuwaxpgagofmgmssfdirwlml/Build/Intermediates.noindex/ArchiveIntermediates/Yakusoku/InstallationBuildProductsLocation
    cd /Users/runner/work/yakusoku-ios/yakusoku-ios/Yakusoku.xcodeproj
    builtin-create-build-directory /Users/runner/Library/Developer/Xcode/DerivedData/Yakusoku-egqvbuwaxpgagofmgmssfdirwlml/Build/Intermediates.noindex/ArchiveIntermediates/Yakusoku/InstallationBuildProductsLocation

CreateBuildDirectory /Users/runner/Library/Developer/Xcode/DerivedData/Yakusoku-egqvbuwaxpgagofmgmssfdirwlml/Build/Intermediates.noindex/ArchiveIntermediates/Yakusoku/IntermediateBuildFilesPath
    cd /Users/runner/work/yakusoku-ios/yakusoku-ios/Yakusoku.xcodeproj
    builtin-create-build-directory /Users/runner/Library/Developer/Xcode/DerivedData/Yakusoku-egqvbuwaxpgagofmgmssfdirwlml/Build/Intermediates.noindex/ArchiveIntermediates/Yakusoku/IntermediateBuildFilesPath

CreateBuildDirectory /Users/runner/Library/Developer/Xcode/DerivedData/Yakusoku-egqvbuwaxpgagofmgmssfdirwlml/Build/Intermediates.noindex/ArchiveIntermediates/Yakusoku/BuildProductsPath
    cd /Users/runner/work/yakusoku-ios/yakusoku-ios/Yakusoku.xcodeproj
    builtin-create-build-directory /Users/runner/Library/Developer/Xcode/DerivedData/Yakusoku-egqvbuwaxpgagofmgmssfdirwlml/Build/Intermediates.noindex/ArchiveIntermediates/Yakusoku/BuildProductsPath

ClangStatCache /Applications/Xcode_26.6.app/Contents/Developer/Toolchains/XcodeDefault.xctoolchain/usr/bin/clang-stat-cache /Applications/Xcode_26.6.app/Contents/Developer/Platforms/iPhoneOS.platform/Developer/SDKs/iPhoneOS26.5.sdk /Users/runner/Library/Developer/Xcode/DerivedData/SDKStatCaches.noindex/iphoneos26.5-23F81a-688ef53f1462e2c8f657fdc38a81448fee66e23052a0157c865c76b268046726.sdkstatcache
    cd /Users/runner/work/yakusoku-ios/yakusoku-ios/Yakusoku.xcodeproj
    /Applications/Xcode_26.6.app/Contents/Developer/Toolchains/XcodeDefault.xctoolchain/usr/bin/clang-stat-cache /Applications/Xcode_26.6.app/Contents/Developer/Platforms/iPhoneOS.platform/Developer/SDKs/iPhoneOS26.5.sdk -o /Users/runner/Library/Developer/Xcode/DerivedData/SDKStatCaches.noindex/iphoneos26.5-23F81a-688ef53f1462e2c8f657fdc38a81448fee66e23052a0157c865c76b268046726.sdkstatcache

WriteAuxiliaryFile /Users/runner/Library/Developer/Xcode/DerivedData/Yakusoku-egqvbuwaxpgagofmgmssfdirwlml/Build/Intermediates.noindex/ArchiveIntermediates/Yakusoku/IntermediateBuildFilesPath/Yakusoku.build/Release-iphoneos/Yakusoku-a3945337c2aa9adcd9be985f380c781d-VFS-iphoneos/all-product-headers.yaml
    cd /Users/runner/work/yakusoku-ios/yakusoku-ios/Yakusoku.xcodeproj
    write-file /Users/runner/Library/Developer/Xcode/DerivedData/Yakusoku-egqvbuwaxpgagofmgmssfdirwlml/Build/Intermediates.noindex/ArchiveIntermediates/Yakusoku/IntermediateBuildFilesPath/Yakusoku.build/Release-iphoneos/Yakusoku-a3945337c2aa9adcd9be985f380c781d-VFS-iphoneos/all-product-headers.yaml

CreateBuildDirectory /Users/runner/Library/Developer/Xcode/DerivedData/Yakusoku-egqvbuwaxpgagofmgmssfdirwlml/Build/Intermediates.noindex/ArchiveIntermediates/Yakusoku/IntermediateBuildFilesPath/SwiftExplicitPrecompiledModules
    cd /Users/runner/work/yakusoku-ios/yakusoku-ios/Yakusoku.xcodeproj
    builtin-create-build-directory /Users/runner/Library/Developer/Xcode/DerivedData/Yakusoku-egqvbuwaxpgagofmgmssfdirwlml/Build/Intermediates.noindex/ArchiveIntermediates/Yakusoku/IntermediateBuildFilesPath/SwiftExplicitPrecompiledModules

CreateBuildDirectory /Users/runner/Library/Developer/Xcode/DerivedData/Yakusoku-egqvbuwaxpgagofmgmssfdirwlml/Build/Intermediates.noindex/ArchiveIntermediates/Yakusoku/IntermediateBuildFilesPath/ExplicitPrecompiledModules
    cd /Users/runner/work/yakusoku-ios/yakusoku-ios/Yakusoku.xcodeproj
    builtin-create-build-directory /Users/runner/Library/Developer/Xcode/DerivedData/Yakusoku-egqvbuwaxpgagofmgmssfdirwlml/Build/Intermediates.noindex/ArchiveIntermediates/Yakusoku/IntermediateBuildFilesPath/ExplicitPrecompiledModules

CreateBuildDirectory /Users/runner/Library/Developer/Xcode/DerivedData/Yakusoku-egqvbuwaxpgagofmgmssfdirwlml/Build/Intermediates.noindex/ArchiveIntermediates/Yakusoku/IntermediateBuildFilesPath/EagerLinkingTBDs/Release-iphoneos
    cd /Users/runner/work/yakusoku-ios/yakusoku-ios/Yakusoku.xcodeproj
    builtin-create-build-directory /Users/runner/Library/Developer/Xcode/DerivedData/Yakusoku-egqvbuwaxpgagofmgmssfdirwlml/Build/Intermediates.noindex/ArchiveIntermediates/Yakusoku/IntermediateBuildFilesPath/EagerLinkingTBDs/Release-iphoneos

CreateBuildDirectory /Users/runner/Library/Developer/Xcode/DerivedData/Yakusoku-egqvbuwaxpgagofmgmssfdirwlml/Build/Intermediates.noindex/ArchiveIntermediates/Yakusoku/BuildProductsPath/Release-iphoneos
    cd /Users/runner/work/yakusoku-ios/yakusoku-ios/Yakusoku.xcodeproj
    builtin-create-build-directory /Users/runner/Library/Developer/Xcode/DerivedData/Yakusoku-egqvbuwaxpgagofmgmssfdirwlml/Build/Intermediates.noindex/ArchiveIntermediates/Yakusoku/BuildProductsPath/Release-iphoneos

WriteAuxiliaryFile /Users/runner/Library/Developer/Xcode/DerivedData/Yakusoku-egqvbuwaxpgagofmgmssfdirwlml/Build/Intermediates.noindex/ArchiveIntermediates/Yakusoku/IntermediateBuildFilesPath/Yakusoku.build/Release-iphoneos/Yakusoku.build/yakusoku.hmap (in target 'Yakusoku' from project 'Yakusoku')
    cd /Users/runner/work/yakusoku-ios/yakusoku-ios
    write-file /Users/runner/Library/Developer/Xcode/DerivedData/Yakusoku-egqvbuwaxpgagofmgmssfdirwlml/Build/Intermediates.noindex/ArchiveIntermediates/Yakusoku/IntermediateBuildFilesPath/Yakusoku.build/Release-iphoneos/Yakusoku.build/yakusoku.hmap

WriteAuxiliaryFile /Users/runner/Library/Developer/Xcode/DerivedData/Yakusoku-egqvbuwaxpgagofmgmssfdirwlml/Build/Intermediates.noindex/ArchiveIntermediates/Yakusoku/IntermediateBuildFilesPath/Yakusoku.build/Release-iphoneos/Yakusoku.build/yakusoku.DependencyStaticMetadataFileList (in target 'Yakusoku' from project 'Yakusoku')
    cd /Users/runner/work/yakusoku-ios/yakusoku-ios
    write-file /Users/runner/Library/Developer/Xcode/DerivedData/Yakusoku-egqvbuwaxpgagofmgmssfdirwlml/Build/Intermediates.noindex/ArchiveIntermediates/Yakusoku/IntermediateBuildFilesPath/Yakusoku.build/Release-iphoneos/Yakusoku.build/yakusoku.DependencyStaticMetadataFileList

WriteAuxiliaryFile /Users/runner/Library/Developer/Xcode/DerivedData/Yakusoku-egqvbuwaxpgagofmgmssfdirwlml/Build/Intermediates.noindex/ArchiveIntermediates/Yakusoku/IntermediateBuildFilesPath/Yakusoku.build/Release-iphoneos/Yakusoku.build/yakusoku.DependencyMetadataFileList (in target 'Yakusoku' from project 'Yakusoku')
    cd /Users/runner/work/yakusoku-ios/yakusoku-ios
    write-file /Users/runner/Library/Developer/Xcode/DerivedData/Yakusoku-egqvbuwaxpgagofmgmssfdirwlml/Build/Intermediates.noindex/ArchiveIntermediates/Yakusoku/IntermediateBuildFilesPath/Yakusoku.build/Release-iphoneos/Yakusoku.build/yakusoku.DependencyMetadataFileList

WriteAuxiliaryFile /Users/runner/Library/Developer/Xcode/DerivedData/Yakusoku-egqvbuwaxpgagofmgmssfdirwlml/Build/Intermediates.noindex/ArchiveIntermediates/Yakusoku/IntermediateBuildFilesPath/Yakusoku.build/Release-iphoneos/Yakusoku.build/yakusoku-project-headers.hmap (in target 'Yakusoku' from project 'Yakusoku')
    cd /Users/runner/work/yakusoku-ios/yakusoku-ios
    write-file /Users/runner/Library/Developer/Xcode/DerivedData/Yakusoku-egqvbuwaxpgagofmgmssfdirwlml/Build/Intermediates.noindex/ArchiveIntermediates/Yakusoku/IntermediateBuildFilesPath/Yakusoku.build/Release-iphoneos/Yakusoku.build/yakusoku-project-headers.hmap

WriteAuxiliaryFile /Users/runner/Library/Developer/Xcode/DerivedData/Yakusoku-egqvbuwaxpgagofmgmssfdirwlml/Build/Intermediates.noindex/ArchiveIntermediates/Yakusoku/IntermediateBuildFilesPath/Yakusoku.build/Release-iphoneos/Yakusoku.build/yakusoku-own-target-headers.hmap (in target 'Yakusoku' from project 'Yakusoku')
    cd /Users/runner/work/yakusoku-ios/yakusoku-ios
    write-file /Users/runner/Library/Developer/Xcode/DerivedData/Yakusoku-egqvbuwaxpgagofmgmssfdirwlml/Build/Intermediates.noindex/ArchiveIntermediates/Yakusoku/IntermediateBuildFilesPath/Yakusoku.build/Release-iphoneos/Yakusoku.build/yakusoku-own-target-headers.hmap

WriteAuxiliaryFile /Users/runner/Library/Developer/Xcode/DerivedData/Yakusoku-egqvbuwaxpgagofmgmssfdirwlml/Build/Intermediates.noindex/ArchiveIntermediates/Yakusoku/IntermediateBuildFilesPath/Yakusoku.build/Release-iphoneos/Yakusoku.build/yakusoku-generated-files.hmap (in target 'Yakusoku' from project 'Yakusoku')
    cd /Users/runner/work/yakusoku-ios/yakusoku-ios
    write-file /Users/runner/Library/Developer/Xcode/DerivedData/Yakusoku-egqvbuwaxpgagofmgmssfdirwlml/Build/Intermediates.noindex/ArchiveIntermediates/Yakusoku/IntermediateBuildFilesPath/Yakusoku.build/Release-iphoneos/Yakusoku.build/yakusoku-generated-files.hmap

WriteAuxiliaryFile /Users/runner/Library/Developer/Xcode/DerivedData/Yakusoku-egqvbuwaxpgagofmgmssfdirwlml/Build/Intermediates.noindex/ArchiveIntermediates/Yakusoku/IntermediateBuildFilesPath/Yakusoku.build/Release-iphoneos/Yakusoku.build/yakusoku-all-target-headers.hmap (in target 'Yakusoku' from project 'Yakusoku')
    cd /Users/runner/work/yakusoku-ios/yakusoku-ios
    write-file /Users/runner/Library/Developer/Xcode/DerivedData/Yakusoku-egqvbuwaxpgagofmgmssfdirwlml/Build/Intermediates.noindex/ArchiveIntermediates/Yakusoku/IntermediateBuildFilesPath/Yakusoku.build/Release-iphoneos/Yakusoku.build/yakusoku-all-target-headers.hmap

WriteAuxiliaryFile /Users/runner/Library/Developer/Xcode/DerivedData/Yakusoku-egqvbuwaxpgagofmgmssfdirwlml/Build/Intermediates.noindex/ArchiveIntermediates/Yakusoku/IntermediateBuildFilesPath/Yakusoku.build/Release-iphoneos/Yakusoku.build/yakusoku-all-non-framework-target-headers.hmap (in target 'Yakusoku' from project 'Yakusoku')
    cd /Users/runner/work/yakusoku-ios/yakusoku-ios
    write-file /Users/runner/Library/Developer/Xcode/DerivedData/Yakusoku-egqvbuwaxpgagofmgmssfdirwlml/Build/Intermediates.noindex/ArchiveIntermediates/Yakusoku/IntermediateBuildFilesPath/Yakusoku.build/Release-iphoneos/Yakusoku.build/yakusoku-all-non-framework-target-headers.hmap

WriteAuxiliaryFile /Users/runner/Library/Developer/Xcode/DerivedData/Yakusoku-egqvbuwaxpgagofmgmssfdirwlml/Build/Intermediates.noindex/ArchiveIntermediates/Yakusoku/IntermediateBuildFilesPath/Yakusoku.build/Release-iphoneos/Yakusoku.build/Objects-normal/arm64/yakusoku.SwiftFileList (in target 'Yakusoku' from project 'Yakusoku')
    cd /Users/runner/work/yakusoku-ios/yakusoku-ios
    write-file /Users/runner/Library/Developer/Xcode/DerivedData/Yakusoku-egqvbuwaxpgagofmgmssfdirwlml/Build/Intermediates.noindex/ArchiveIntermediates/Yakusoku/IntermediateBuildFilesPath/Yakusoku.build/Release-iphoneos/Yakusoku.build/Objects-normal/arm64/yakusoku.SwiftFileList

WriteAuxiliaryFile /Users/runner/Library/Developer/Xcode/DerivedData/Yakusoku-egqvbuwaxpgagofmgmssfdirwlml/Build/Intermediates.noindex/ArchiveIntermediates/Yakusoku/IntermediateBuildFilesPath/Yakusoku.build/Release-iphoneos/Yakusoku.build/Objects-normal/arm64/yakusoku.SwiftConstValuesFileList (in target 'Yakusoku' from project 'Yakusoku')
    cd /Users/runner/work/yakusoku-ios/yakusoku-ios
    write-file /Users/runner/Library/Developer/Xcode/DerivedData/Yakusoku-egqvbuwaxpgagofmgmssfdirwlml/Build/Intermediates.noindex/ArchiveIntermediates/Yakusoku/IntermediateBuildFilesPath/Yakusoku.build/Release-iphoneos/Yakusoku.build/Objects-normal/arm64/yakusoku.SwiftConstValuesFileList

WriteAuxiliaryFile /Users/runner/Library/Developer/Xcode/DerivedData/Yakusoku-egqvbuwaxpgagofmgmssfdirwlml/Build/Intermediates.noindex/ArchiveIntermediates/Yakusoku/IntermediateBuildFilesPath/Yakusoku.build/Release-iphoneos/Yakusoku.build/Objects-normal/arm64/yakusoku.LinkFileList (in target 'Yakusoku' from project 'Yakusoku')
    cd /Users/runner/work/yakusoku-ios/yakusoku-ios
    write-file /Users/runner/Library/Developer/Xcode/DerivedData/Yakusoku-egqvbuwaxpgagofmgmssfdirwlml/Build/Intermediates.noindex/ArchiveIntermediates/Yakusoku/IntermediateBuildFilesPath/Yakusoku.build/Release-iphoneos/Yakusoku.build/Objects-normal/arm64/yakusoku.LinkFileList

WriteAuxiliaryFile /Users/runner/Library/Developer/Xcode/DerivedData/Yakusoku-egqvbuwaxpgagofmgmssfdirwlml/Build/Intermediates.noindex/ArchiveIntermediates/Yakusoku/IntermediateBuildFilesPath/Yakusoku.build/Release-iphoneos/Yakusoku.build/Objects-normal/arm64/Yakusoku_const_extract_protocols.json (in target 'Yakusoku' from project 'Yakusoku')
    cd /Users/runner/work/yakusoku-ios/yakusoku-ios
    write-file /Users/runner/Library/Developer/Xcode/DerivedData/Yakusoku-egqvbuwaxpgagofmgmssfdirwlml/Build/Intermediates.noindex/ArchiveIntermediates/Yakusoku/IntermediateBuildFilesPath/Yakusoku.build/Release-iphoneos/Yakusoku.build/Objects-normal/arm64/Yakusoku_const_extract_protocols.json

WriteAuxiliaryFile /Users/runner/Library/Developer/Xcode/DerivedData/Yakusoku-egqvbuwaxpgagofmgmssfdirwlml/Build/Intermediates.noindex/ArchiveIntermediates/Yakusoku/IntermediateBuildFilesPath/Yakusoku.build/Release-iphoneos/Yakusoku.build/Objects-normal/arm64/Yakusoku-OutputFileMap.json (in target 'Yakusoku' from project 'Yakusoku')
    cd /Users/runner/work/yakusoku-ios/yakusoku-ios
    write-file /Users/runner/Library/Developer/Xcode/DerivedData/Yakusoku-egqvbuwaxpgagofmgmssfdirwlml/Build/Intermediates.noindex/ArchiveIntermediates/Yakusoku/IntermediateBuildFilesPath/Yakusoku.build/Release-iphoneos/Yakusoku.build/Objects-normal/arm64/Yakusoku-OutputFileMap.json

SymLink /Users/runner/Library/Developer/Xcode/DerivedData/Yakusoku-egqvbuwaxpgagofmgmssfdirwlml/Build/Intermediates.noindex/ArchiveIntermediates/Yakusoku/BuildProductsPath/Release-iphoneos/yakusoku.app ../../InstallationBuildProductsLocation/Applications/yakusoku.app (in target 'Yakusoku' from project 'Yakusoku')
    cd /Users/runner/work/yakusoku-ios/yakusoku-ios
    /bin/ln -sfh ../../InstallationBuildProductsLocation/Applications/yakusoku.app /Users/runner/Library/Developer/Xcode/DerivedData/Yakusoku-egqvbuwaxpgagofmgmssfdirwlml/Build/Intermediates.noindex/ArchiveIntermediates/Yakusoku/BuildProductsPath/Release-iphoneos/yakusoku.app

MkDir /Users/runner/Library/Developer/Xcode/DerivedData/Yakusoku-egqvbuwaxpgagofmgmssfdirwlml/Build/Intermediates.noindex/ArchiveIntermediates/Yakusoku/InstallationBuildProductsLocation/Applications/yakusoku.app (in target 'Yakusoku' from project 'Yakusoku')
    cd /Users/runner/work/yakusoku-ios/yakusoku-ios
    /bin/mkdir -p /Users/runner/Library/Developer/Xcode/DerivedData/Yakusoku-egqvbuwaxpgagofmgmssfdirwlml/Build/Intermediates.noindex/ArchiveIntermediates/Yakusoku/InstallationBuildProductsLocation/Applications/yakusoku.app

ProcessInfoPlistFile /Users/runner/Library/Developer/Xcode/DerivedData/Yakusoku-egqvbuwaxpgagofmgmssfdirwlml/Build/Intermediates.noindex/ArchiveIntermediates/Yakusoku/InstallationBuildProductsLocation/Applications/yakusoku.app/Info.plist /Users/runner/work/yakusoku-ios/yakusoku-ios/Yakusoku/Info.plist (in target 'Yakusoku' from project 'Yakusoku')
    cd /Users/runner/work/yakusoku-ios/yakusoku-ios
    builtin-infoPlistUtility /Users/runner/work/yakusoku-ios/yakusoku-ios/Yakusoku/Info.plist -producttype com.apple.product-type.application -genpkginfo /Users/runner/Library/Developer/Xcode/DerivedData/Yakusoku-egqvbuwaxpgagofmgmssfdirwlml/Build/Intermediates.noindex/ArchiveIntermediates/Yakusoku/InstallationBuildProductsLocation/Applications/yakusoku.app/PkgInfo -expandbuildsettings -format binary -platform iphoneos -requiredArchitecture arm64 -o /Users/runner/Library/Developer/Xcode/DerivedData/Yakusoku-egqvbuwaxpgagofmgmssfdirwlml/Build/Intermediates.noindex/ArchiveIntermediates/Yakusoku/InstallationBuildProductsLocation/Applications/yakusoku.app/Info.plist

SwiftDriver Yakusoku normal arm64 com.apple.xcode.tools.swift.compiler (in target 'Yakusoku' from project 'Yakusoku')
    cd /Users/runner/work/yakusoku-ios/yakusoku-ios
    builtin-SwiftDriver -- /Applications/Xcode_26.6.app/Contents/Developer/Toolchains/XcodeDefault.xctoolchain/usr/bin/swiftc -module-name yakusoku -O -whole-module-optimization @/Users/runner/Library/Developer/Xcode/DerivedData/Yakusoku-egqvbuwaxpgagofmgmssfdirwlml/Build/Intermediates.noindex/ArchiveIntermediates/Yakusoku/IntermediateBuildFilesPath/Yakusoku.build/Release-iphoneos/Yakusoku.build/Objects-normal/arm64/yakusoku.SwiftFileList -enable-bare-slash-regex -enable-experimental-feature DebugDescriptionMacro -sdk /Applications/Xcode_26.6.app/Contents/Developer/Platforms/iPhoneOS.platform/Developer/SDKs/iPhoneOS26.5.sdk -target arm64-apple-ios15.0 -g -module-cache-path /Users/runner/Library/Developer/Xcode/DerivedData/ModuleCache.noindex -Xfrontend -serialize-debugging-options -swift-version 5 -I /Users/runner/Library/Developer/Xcode/DerivedData/Yakusoku-egqvbuwaxpgagofmgmssfdirwlml/Build/Intermediates.noindex/ArchiveIntermediates/Yakusoku/BuildProductsPath/Release-iphoneos -F /Users/runner/Library/Developer/Xcode/DerivedData/Yakusoku-egqvbuwaxpgagofmgmssfdirwlml/Build/Intermediates.noindex/ArchiveIntermediates/Yakusoku/BuildProductsPath/Release-iphoneos -c -num-threads 3 -Xcc -ivfsstatcache -Xcc /Users/runner/Library/Developer/Xcode/DerivedData/SDKStatCaches.noindex/iphoneos26.5-23F81a-688ef53f1462e2c8f657fdc38a81448fee66e23052a0157c865c76b268046726.sdkstatcache -output-file-map /Users/runner/Library/Developer/Xcode/DerivedData/Yakusoku-egqvbuwaxpgagofmgmssfdirwlml/Build/Intermediates.noindex/ArchiveIntermediates/Yakusoku/IntermediateBuildFilesPath/Yakusoku.build/Release-iphoneos/Yakusoku.build/Objects-normal/arm64/Yakusoku-OutputFileMap.json -use-frontend-parseable-output -save-temps -no-color-diagnostics -explicit-module-build -module-cache-path /Users/runner/Library/Developer/Xcode/DerivedData/Yakusoku-egqvbuwaxpgagofmgmssfdirwlml/Build/Intermediates.noindex/ArchiveIntermediates/Yakusoku/IntermediateBuildFilesPath/SwiftExplicitPrecompiledModules -clang-scanner-module-cache-path /Users/runner/Library/Developer/Xcode/DerivedData/ModuleCache.noindex -sdk-module-cache-path /Users/runner/Library/Developer/Xcode/DerivedData/ModuleCache.noindex -serialize-diagnostics -emit-dependencies -emit-module -emit-module-path /Users/runner/Library/Developer/Xcode/DerivedData/Yakusoku-egqvbuwaxpgagofmgmssfdirwlml/Build/Intermediates.noindex/ArchiveIntermediates/Yakusoku/IntermediateBuildFilesPath/Yakusoku.build/Release-iphoneos/Yakusoku.build/Objects-normal/arm64/yakusoku.swiftmodule -validate-clang-modules-once -clang-build-session-file /Users/runner/Library/Developer/Xcode/DerivedData/ModuleCache.noindex/Session.modulevalidation -Xcc -I/Users/runner/Library/Developer/Xcode/DerivedData/Yakusoku-egqvbuwaxpgagofmgmssfdirwlml/Build/Intermediates.noindex/ArchiveIntermediates/Yakusoku/IntermediateBuildFilesPath/Yakusoku.build/Release-iphoneos/Yakusoku.build/swift-overrides.hmap -emit-const-values -Xfrontend -const-gather-protocols-file -Xfrontend /Users/runner/Library/Developer/Xcode/DerivedData/Yakusoku-egqvbuwaxpgagofmgmssfdirwlml/Build/Intermediates.noindex/ArchiveIntermediates/Yakusoku/IntermediateBuildFilesPath/Yakusoku.build/Release-iphoneos/Yakusoku.build/Objects-normal/arm64/Yakusoku_const_extract_protocols.json -Xcc -iquote -Xcc /Users/runner/Library/Developer/Xcode/DerivedData/Yakusoku-egqvbuwaxpgagofmgmssfdirwlml/Build/Intermediates.noindex/ArchiveIntermediates/Yakusoku/IntermediateBuildFilesPath/Yakusoku.build/Release-iphoneos/Yakusoku.build/yakusoku-generated-files.hmap -Xcc -I/Users/runner/Library/Developer/Xcode/DerivedData/Yakusoku-egqvbuwaxpgagofmgmssfdirwlml/Build/Intermediates.noindex/ArchiveIntermediates/Yakusoku/IntermediateBuildFilesPath/Yakusoku.build/Release-iphoneos/Yakusoku.build/yakusoku-own-target-headers.hmap -Xcc -I/Users/runner/Library/Developer/Xcode/DerivedData/Yakusoku-egqvbuwaxpgagofmgmssfdirwlml/Build/Intermediates.noindex/ArchiveIntermediates/Yakusoku/IntermediateBuildFilesPath/Yakusoku.build/Release-iphoneos/Yakusoku.build/yakusoku-all-target-headers.hmap -Xcc -iquote -Xcc /Users/runner/Library/Developer/Xcode/DerivedData/Yakusoku-egqvbuwaxpgagofmgmssfdirwlml/Build/Intermediates.noindex/ArchiveIntermediates/Yakusoku/IntermediateBuildFilesPath/Yakusoku.build/Release-iphoneos/Yakusoku.build/yakusoku-project-headers.hmap -Xcc -I/Users/runner/Library/Developer/Xcode/DerivedData/Yakusoku-egqvbuwaxpgagofmgmssfdirwlml/Build/Intermediates.noindex/ArchiveIntermediates/Yakusoku/BuildProductsPath/Release-iphoneos/include -Xcc -I/Users/runner/Library/Developer/Xcode/DerivedData/Yakusoku-egqvbuwaxpgagofmgmssfdirwlml/Build/Intermediates.noindex/ArchiveIntermediates/Yakusoku/IntermediateBuildFilesPath/Yakusoku.build/Release-iphoneos/Yakusoku.build/DerivedSources-normal/arm64 -Xcc -I/Users/runner/Library/Developer/Xcode/DerivedData/Yakusoku-egqvbuwaxpgagofmgmssfdirwlml/Build/Intermediates.noindex/ArchiveIntermediates/Yakusoku/IntermediateBuildFilesPath/Yakusoku.build/Release-iphoneos/Yakusoku.build/DerivedSources/arm64 -Xcc -I/Users/runner/Library/Developer/Xcode/DerivedData/Yakusoku-egqvbuwaxpgagofmgmssfdirwlml/Build/Intermediates.noindex/ArchiveIntermediates/Yakusoku/IntermediateBuildFilesPath/Yakusoku.build/Release-iphoneos/Yakusoku.build/DerivedSources -emit-objc-header -emit-objc-header-path /Users/runner/Library/Developer/Xcode/DerivedData/Yakusoku-egqvbuwaxpgagofmgmssfdirwlml/Build/Intermediates.noindex/ArchiveIntermediates/Yakusoku/IntermediateBuildFilesPath/Yakusoku.build/Release-iphoneos/Yakusoku.build/Objects-normal/arm64/yakusoku-Swift.h -working-directory /Users/runner/work/yakusoku-ios/yakusoku-ios -no-emit-module-separately-wmo

SwiftDriver\ Compilation Yakusoku normal arm64 com.apple.xcode.tools.swift.compiler (in target 'Yakusoku' from project 'Yakusoku')
    cd /Users/runner/work/yakusoku-ios/yakusoku-ios
    builtin-Swift-Compilation -- /Applications/Xcode_26.6.app/Contents/Developer/Toolchains/XcodeDefault.xctoolchain/usr/bin/swiftc -module-name yakusoku -O -whole-module-optimization @/Users/runner/Library/Developer/Xcode/DerivedData/Yakusoku-egqvbuwaxpgagofmgmssfdirwlml/Build/Intermediates.noindex/ArchiveIntermediates/Yakusoku/IntermediateBuildFilesPath/Yakusoku.build/Release-iphoneos/Yakusoku.build/Objects-normal/arm64/yakusoku.SwiftFileList -enable-bare-slash-regex -enable-experimental-feature DebugDescriptionMacro -sdk /Applications/Xcode_26.6.app/Contents/Developer/Platforms/iPhoneOS.platform/Developer/SDKs/iPhoneOS26.5.sdk -target arm64-apple-ios15.0 -g -module-cache-path /Users/runner/Library/Developer/Xcode/DerivedData/ModuleCache.noindex -Xfrontend -serialize-debugging-options -swift-version 5 -I /Users/runner/Library/Developer/Xcode/DerivedData/Yakusoku-egqvbuwaxpgagofmgmssfdirwlml/Build/Intermediates.noindex/ArchiveIntermediates/Yakusoku/BuildProductsPath/Release-iphoneos -F /Users/runner/Library/Developer/Xcode/DerivedData/Yakusoku-egqvbuwaxpgagofmgmssfdirwlml/Build/Intermediates.noindex/ArchiveIntermediates/Yakusoku/BuildProductsPath/Release-iphoneos -c -num-threads 3 -Xcc -ivfsstatcache -Xcc /Users/runner/Library/Developer/Xcode/DerivedData/SDKStatCaches.noindex/iphoneos26.5-23F81a-688ef53f1462e2c8f657fdc38a81448fee66e23052a0157c865c76b268046726.sdkstatcache -output-file-map /Users/runner/Library/Developer/Xcode/DerivedData/Yakusoku-egqvbuwaxpgagofmgmssfdirwlml/Build/Intermediates.noindex/ArchiveIntermediates/Yakusoku/IntermediateBuildFilesPath/Yakusoku.build/Release-iphoneos/Yakusoku.build/Objects-normal/arm64/Yakusoku-OutputFileMap.json -use-frontend-parseable-output -save-temps -no-color-diagnostics -explicit-module-build -module-cache-path /Users/runner/Library/Developer/Xcode/DerivedData/Yakusoku-egqvbuwaxpgagofmgmssfdirwlml/Build/Intermediates.noindex/ArchiveIntermediates/Yakusoku/IntermediateBuildFilesPath/SwiftExplicitPrecompiledModules -clang-scanner-module-cache-path /Users/runner/Library/Developer/Xcode/DerivedData/ModuleCache.noindex -sdk-module-cache-path /Users/runner/Library/Developer/Xcode/DerivedData/ModuleCache.noindex -serialize-diagnostics -emit-dependencies -emit-module -emit-module-path /Users/runner/Library/Developer/Xcode/DerivedData/Yakusoku-egqvbuwaxpgagofmgmssfdirwlml/Build/Intermediates.noindex/ArchiveIntermediates/Yakusoku/IntermediateBuildFilesPath/Yakusoku.build/Release-iphoneos/Yakusoku.build/Objects-normal/arm64/yakusoku.swiftmodule -validate-clang-modules-once -clang-build-session-file /Users/runner/Library/Developer/Xcode/DerivedData/ModuleCache.noindex/Session.modulevalidation -Xcc -I/Users/runner/Library/Developer/Xcode/DerivedData/Yakusoku-egqvbuwaxpgagofmgmssfdirwlml/Build/Intermediates.noindex/ArchiveIntermediates/Yakusoku/IntermediateBuildFilesPath/Yakusoku.build/Release-iphoneos/Yakusoku.build/swift-overrides.hmap -emit-const-values -Xfrontend -const-gather-protocols-file -Xfrontend /Users/runner/Library/Developer/Xcode/DerivedData/Yakusoku-egqvbuwaxpgagofmgmssfdirwlml/Build/Intermediates.noindex/ArchiveIntermediates/Yakusoku/IntermediateBuildFilesPath/Yakusoku.build/Release-iphoneos/Yakusoku.build/Objects-normal/arm64/Yakusoku_const_extract_protocols.json -Xcc -iquote -Xcc /Users/runner/Library/Developer/Xcode/DerivedData/Yakusoku-egqvbuwaxpgagofmgmssfdirwlml/Build/Intermediates.noindex/ArchiveIntermediates/Yakusoku/IntermediateBuildFilesPath/Yakusoku.build/Release-iphoneos/Yakusoku.build/yakusoku-generated-files.hmap -Xcc -I/Users/runner/Library/Developer/Xcode/DerivedData/Yakusoku-egqvbuwaxpgagofmgmssfdirwlml/Build/Intermediates.noindex/ArchiveIntermediates/Yakusoku/IntermediateBuildFilesPath/Yakusoku.build/Release-iphoneos/Yakusoku.build/yakusoku-own-target-headers.hmap -Xcc -I/Users/runner/Library/Developer/Xcode/DerivedData/Yakusoku-egqvbuwaxpgagofmgmssfdirwlml/Build/Intermediates.noindex/ArchiveIntermediates/Yakusoku/IntermediateBuildFilesPath/Yakusoku.build/Release-iphoneos/Yakusoku.build/yakusoku-all-target-headers.hmap -Xcc -iquote -Xcc /Users/runner/Library/Developer/Xcode/DerivedData/Yakusoku-egqvbuwaxpgagofmgmssfdirwlml/Build/Intermediates.noindex/ArchiveIntermediates/Yakusoku/IntermediateBuildFilesPath/Yakusoku.build/Release-iphoneos/Yakusoku.build/yakusoku-project-headers.hmap -Xcc -I/Users/runner/Library/Developer/Xcode/DerivedData/Yakusoku-egqvbuwaxpgagofmgmssfdirwlml/Build/Intermediates.noindex/ArchiveIntermediates/Yakusoku/BuildProductsPath/Release-iphoneos/include -Xcc -I/Users/runner/Library/Developer/Xcode/DerivedData/Yakusoku-egqvbuwaxpgagofmgmssfdirwlml/Build/Intermediates.noindex/ArchiveIntermediates/Yakusoku/IntermediateBuildFilesPath/Yakusoku.build/Release-iphoneos/Yakusoku.build/DerivedSources-normal/arm64 -Xcc -I/Users/runner/Library/Developer/Xcode/DerivedData/Yakusoku-egqvbuwaxpgagofmgmssfdirwlml/Build/Intermediates.noindex/ArchiveIntermediates/Yakusoku/IntermediateBuildFilesPath/Yakusoku.build/Release-iphoneos/Yakusoku.build/DerivedSources/arm64 -Xcc -I/Users/runner/Library/Developer/Xcode/DerivedData/Yakusoku-egqvbuwaxpgagofmgmssfdirwlml/Build/Intermediates.noindex/ArchiveIntermediates/Yakusoku/IntermediateBuildFilesPath/Yakusoku.build/Release-iphoneos/Yakusoku.build/DerivedSources -emit-objc-header -emit-objc-header-path /Users/runner/Library/Developer/Xcode/DerivedData/Yakusoku-egqvbuwaxpgagofmgmssfdirwlml/Build/Intermediates.noindex/ArchiveIntermediates/Yakusoku/IntermediateBuildFilesPath/Yakusoku.build/Release-iphoneos/Yakusoku.build/Objects-normal/arm64/yakusoku-Swift.h -working-directory /Users/runner/work/yakusoku-ios/yakusoku-ios -no-emit-module-separately-wmo

SwiftExplicitDependencyGeneratePcm arm64 /Users/runner/Library/Developer/Xcode/DerivedData/ModuleCache.noindex/_Builtin_stddef-DM9FIK1TI14UIQLTPTSDRJRH8.pcm

SwiftExplicitDependencyGeneratePcm arm64 /Users/runner/Library/Developer/Xcode/DerivedData/ModuleCache.noindex/_Builtin_stdbool-F2JDNPQEX6SQ9OSYLY30YZQUK.pcm

SwiftExplicitDependencyGeneratePcm arm64 /Users/runner/Library/Developer/Xcode/DerivedData/ModuleCache.noindex/ptrcheck-F4E3AJ5OSHOZ9IBB2GP04PWWI.pcm

SwiftExplicitDependencyGeneratePcm arm64 /Users/runner/Library/Developer/Xcode/DerivedData/ModuleCache.noindex/_Builtin_float-2YO6PSBAHJ04WO49MXMPSPE2E.pcm

SwiftExplicitDependencyGeneratePcm arm64 /Users/runner/Library/Developer/Xcode/DerivedData/ModuleCache.noindex/_AvailabilityInternal-D134KYCM5B7H7LEX0UZ8E87OC.pcm

SwiftExplicitDependencyGeneratePcm arm64 /Users/runner/Library/Developer/Xcode/DerivedData/ModuleCache.noindex/SwiftShims-72SLMYIIT0DF0R4G8CULVMIGB.pcm

SwiftExplicitDependencyGeneratePcm arm64 /Users/runner/Library/Developer/Xcode/DerivedData/ModuleCache.noindex/ptrauth-DABL4NITE6FI9XGP0U5ICP5U7.pcm

SwiftExplicitDependencyGeneratePcm arm64 /Users/runner/Library/Developer/Xcode/DerivedData/ModuleCache.noindex/_Builtin_stdarg-AWNHK52NN9LOBSP9B3ES6N4JP.pcm

SwiftExplicitDependencyGeneratePcm arm64 /Users/runner/Library/Developer/Xcode/DerivedData/ModuleCache.noindex/_DarwinFoundation1-AVQP07R3FLQDOZLLLTSBQE6KZ.pcm

SwiftExplicitDependencyGeneratePcm arm64 /Users/runner/Library/Developer/Xcode/DerivedData/ModuleCache.noindex/_SwiftConcurrencyShims-11WQO0U6NUPEG5KX0XIBPK7HV.pcm

SwiftExplicitDependencyGeneratePcm arm64 /Users/runner/Library/Developer/Xcode/DerivedData/ModuleCache.noindex/DeveloperToolsSupport-EMHRDK0O1ZXXZII2U7HYGBAAB.pcm

SwiftExplicitDependencyGeneratePcm arm64 /Users/runner/Library/Developer/Xcode/DerivedData/ModuleCache.noindex/_DarwinFoundation2-CHABC5SS8N2OTC0RLF1PF00IL.pcm

SwiftExplicitDependencyGeneratePcm arm64 /Users/runner/Library/Developer/Xcode/DerivedData/ModuleCache.noindex/_Builtin_limits-5XLAGNJNMUIA35MLR9224J96G.pcm

SwiftExplicitDependencyGeneratePcm arm64 /Users/runner/Library/Developer/Xcode/DerivedData/ModuleCache.noindex/sys_types-6VUOHF7N0NSAAA8P9FPHKE8W6.pcm

SwiftExplicitDependencyGeneratePcm arm64 /Users/runner/Library/Developer/Xcode/DerivedData/ModuleCache.noindex/_Builtin_stdint-1IVO0O4NH45TV1AYF52FCLU39.pcm

SwiftExplicitDependencyGeneratePcm arm64 /Users/runner/Library/Developer/Xcode/DerivedData/ModuleCache.noindex/_Builtin_tgmath-54R3DMFU6DS0GI3Z1X2FGPB20.pcm

SwiftExplicitDependencyGeneratePcm arm64 /Users/runner/Library/Developer/Xcode/DerivedData/ModuleCache.noindex/_DarwinFoundation3-DT13DYQO20ZPMHDX5CDK95E4D.pcm

SwiftExplicitDependencyGeneratePcm arm64 /Users/runner/Library/Developer/Xcode/DerivedData/ModuleCache.noindex/_Builtin_intrinsics-99O65VBQ24FR6L5LL9JW9AR1W.pcm

SwiftExplicitDependencyGeneratePcm arm64 /Users/runner/Library/Developer/Xcode/DerivedData/ModuleCache.noindex/_Builtin_stdatomic-9060L4NKPD5ER5I6FJ57E8WVA.pcm

SwiftExplicitDependencyGeneratePcm arm64 /Users/runner/Library/Developer/Xcode/DerivedData/ModuleCache.noindex/_Builtin_inttypes-AMA2B4Y7QBKPABLXFSRFWCL9N.pcm

SwiftExplicitDependencyGeneratePcm arm64 /Users/runner/Library/Developer/Xcode/DerivedData/ModuleCache.noindex/Darwin-D9UWKS8G5A983R1DJ4W24YSKP.pcm

SwiftExplicitDependencyGeneratePcm arm64 /Users/runner/Library/Developer/Xcode/DerivedData/ModuleCache.noindex/simd-CLUOIJ1OU38JUV8Q94GRO1JFW.pcm

SwiftExplicitDependencyGeneratePcm arm64 /Users/runner/Library/Developer/Xcode/DerivedData/ModuleCache.noindex/MachO-B6RJ1U22Q2HMP7YR9Z0P7VQ0Z.pcm

SwiftExplicitDependencyGeneratePcm arm64 /Users/runner/Library/Developer/Xcode/DerivedData/ModuleCache.noindex/ObjectiveC-UL57PEN9KLSC4RHLEIGY3HA.pcm

SwiftExplicitDependencyGeneratePcm arm64 /Users/runner/Library/Developer/Xcode/DerivedData/ModuleCache.noindex/os_object-E4IBKKHD0T0YBYBJLG4YXIM1L.pcm

SwiftExplicitDependencyGeneratePcm arm64 /Users/runner/Library/Developer/Xcode/DerivedData/ModuleCache.noindex/os_workgroup-32Z9ZWHZO4UN3G5VTRHGO9J2G.pcm

SwiftExplicitDependencyGeneratePcm arm64 /Users/runner/Library/Developer/Xcode/DerivedData/ModuleCache.noindex/Dispatch-9CU9L6AJGABEPEK1MML5WOJEH.pcm

SwiftExplicitDependencyGeneratePcm arm64 /Users/runner/Library/Developer/Xcode/DerivedData/ModuleCache.noindex/Spatial-66ZFZVSPF6NR4DI3VRZP5OD1H.pcm

SwiftExplicitDependencyGeneratePcm arm64 /Users/runner/Library/Developer/Xcode/DerivedData/ModuleCache.noindex/dnssd-AB1MJ0IHS4AY4FMB9VINDZFNL.pcm

SwiftExplicitDependencyGeneratePcm arm64 /Users/runner/Library/Developer/Xcode/DerivedData/ModuleCache.noindex/XPC-4PB7SR0PM1G3Z1V4ERK8LTRR6.pcm

SwiftExplicitDependencyGeneratePcm arm64 /Users/runner/Library/Developer/Xcode/DerivedData/ModuleCache.noindex/CoreFoundation-AJVBJNWJLXSNXAG6CFR83HFOF.pcm

SwiftExplicitDependencyGeneratePcm arm64 /Users/runner/Library/Developer/Xcode/DerivedData/ModuleCache.noindex/os-1REBWOFRQ4PBO7QOUF0V31OPU.pcm

SwiftExplicitDependencyGeneratePcm arm64 /Users/runner/Library/Developer/Xcode/DerivedData/ModuleCache.noindex/CFNetwork-4AKTMCE1W2AF00ZV9XZ8XN8BU.pcm

SwiftExplicitDependencyGeneratePcm arm64 /Users/runner/Library/Developer/Xcode/DerivedData/ModuleCache.noindex/CoreGraphics-1G5052L8UUCYJ9W6QLENAXY9U.pcm

SwiftExplicitDependencyGeneratePcm arm64 /Users/runner/Library/Developer/Xcode/DerivedData/ModuleCache.noindex/Security-CIWSTZAS0BOTYSHUXXOWYSEX5.pcm

SwiftExplicitDependencyGeneratePcm arm64 /Users/runner/Library/Developer/Xcode/DerivedData/ModuleCache.noindex/ImageIO-DO2T5X90PE8HDHJGTWQBWNA65.pcm

SwiftExplicitDependencyGeneratePcm arm64 /Users/runner/Library/Developer/Xcode/DerivedData/ModuleCache.noindex/CoreText-7G27BMK29AJO8FLDTQX72AKIO.pcm

SwiftExplicitDependencyGeneratePcm arm64 /Users/runner/Library/Developer/Xcode/DerivedData/ModuleCache.noindex/Foundation-1X62Q4Y5CFD79X7DK8WGN1XR7.pcm

SwiftExplicitDependencyGeneratePcm arm64 /Users/runner/Library/Developer/Xcode/DerivedData/ModuleCache.noindex/FileProvider-2IGH0JAASCWFWTHH3HQB16NAT.pcm

SwiftExplicitDependencyGeneratePcm arm64 /Users/runner/Library/Developer/Xcode/DerivedData/ModuleCache.noindex/UIUtilities-68BP72D2ARRWVKR5ND13PTZHD.pcm

SwiftExplicitDependencyGeneratePcm arm64 /Users/runner/Library/Developer/Xcode/DerivedData/ModuleCache.noindex/OSLog-DKEX056QW3YCNCO6DBH0EAM0E.pcm

SwiftExplicitDependencyGeneratePcm arm64 /Users/runner/Library/Developer/Xcode/DerivedData/ModuleCache.noindex/Network-CV64AECI38K2LZC189XU1XATE.pcm

SwiftExplicitDependencyGeneratePcm arm64 /Users/runner/Library/Developer/Xcode/DerivedData/ModuleCache.noindex/IOSurface-5JX3VCZ80M38F2Z6PCGNGZCAT.pcm

SwiftExplicitDependencyGeneratePcm arm64 /Users/runner/Library/Developer/Xcode/DerivedData/ModuleCache.noindex/UserNotifications-9XZE59KS9YG29GOP295XNSED9.pcm

SwiftExplicitDependencyGeneratePcm arm64 /Users/runner/Library/Developer/Xcode/DerivedData/ModuleCache.noindex/UniformTypeIdentifiers-5SQL832U5YS5P4OFS71ZU71ZH.pcm

SwiftExplicitDependencyGeneratePcm arm64 /Users/runner/Library/Developer/Xcode/DerivedData/ModuleCache.noindex/Metal-DNRDTVJ2K7CPTS3LY6NISTWHE.pcm

SwiftExplicitDependencyGeneratePcm arm64 /Users/runner/Library/Developer/Xcode/DerivedData/ModuleCache.noindex/CoreData-3FH3JHVLSCG105NRLU6T3RF4G.pcm

SwiftExplicitDependencyGeneratePcm arm64 /Users/runner/Library/Developer/Xcode/DerivedData/ModuleCache.noindex/OpenGLES-457SP2TZA6UHDMTKTCX1NW350.pcm

SwiftExplicitDependencyGeneratePcm arm64 /Users/runner/Library/Developer/Xcode/DerivedData/ModuleCache.noindex/Accessibility-ZCOQIL8YWBFQ0TLBXFB2N57I.pcm

SwiftExplicitDependencyGeneratePcm arm64 /Users/runner/Library/Developer/Xcode/DerivedData/ModuleCache.noindex/Symbols-3Z96XHQKJOEPY4CGQ63YIUGXQ.pcm

SwiftExplicitDependencyGeneratePcm arm64 /Users/runner/Library/Developer/Xcode/DerivedData/ModuleCache.noindex/CoreTransferable-AAQIWS8UG8MGA4ZNEWBZ2W2IY.pcm

SwiftExplicitDependencyGeneratePcm arm64 /Users/runner/Library/Developer/Xcode/DerivedData/ModuleCache.noindex/CoreVideo-BZMXU0P2Z8IQSJANCXSICOTKV.pcm

SwiftExplicitDependencyGeneratePcm arm64 /Users/runner/Library/Developer/Xcode/DerivedData/ModuleCache.noindex/DataDetection-D4KJ1S9E4WLZ9667PTN5AXI9K.pcm

SwiftExplicitDependencyGeneratePcm arm64 /Users/runner/Library/Developer/Xcode/DerivedData/ModuleCache.noindex/QuartzCore-566Q57FTIWBTHFMCCY09MABDC.pcm

SwiftExplicitDependencyGeneratePcm arm64 /Users/runner/Library/Developer/Xcode/DerivedData/ModuleCache.noindex/CoreImage-27LC9VRXJDFZFMFSKO9E5CY0O.pcm

SwiftExplicitDependencyGeneratePcm arm64 /Users/runner/Library/Developer/Xcode/DerivedData/ModuleCache.noindex/SwiftUICore-9DIEMH4Z9T64AGJB2R6KD3EOR.pcm

SwiftExplicitDependencyGeneratePcm arm64 /Users/runner/Library/Developer/Xcode/DerivedData/ModuleCache.noindex/UIKit-EXU98BO9TKBKUJMALVDROIG6.pcm

SwiftExplicitDependencyGeneratePcm arm64 /Users/runner/Library/Developer/Xcode/DerivedData/ModuleCache.noindex/SwiftUI-6B305YEGM6ZJ1GCRJMNGN14J6.pcm

SwiftExplicitDependencyGeneratePcm arm64 /Users/runner/Library/Developer/Xcode/DerivedData/ModuleCache.noindex/WebKit-BHUTFRGY1UJ4DIE8PORWCVFMS.pcm

SwiftCompile normal arm64 Compiling\ AppDelegate.swift,\ RootView.swift,\ WebViewContainer.swift,\ WebViewModel.swift,\ YakusokuApp.swift /Users/runner/work/yakusoku-ios/yakusoku-ios/Yakusoku/AppDelegate.swift /Users/runner/work/yakusoku-ios/yakusoku-ios/Yakusoku/RootView.swift /Users/runner/work/yakusoku-ios/yakusoku-ios/Yakusoku/WebViewContainer.swift /Users/runner/work/yakusoku-ios/yakusoku-ios/Yakusoku/WebViewModel.swift /Users/runner/work/yakusoku-ios/yakusoku-ios/Yakusoku/YakusokuApp.swift /Applications/Xcode_26.6.app/Contents/Developer/Toolchains/XcodeDefault.xctoolchain/usr/lib/swift/iphoneos/prebuilt-modules/26.5/Accessibility.swiftmodule/arm64e-apple-ios.swiftmodule /Applications/Xcode_26.6.app/Contents/Developer/Toolchains/XcodeDefault.xctoolchain/usr/lib/swift/iphoneos/prebuilt-modules/26.5/WebKit.swiftmodule/arm64e-apple-ios.swiftmodule /Applications/Xcode_26.6.app/Contents/Developer/Toolchains/XcodeDefault.xctoolchain/usr/lib/swift/iphoneos/prebuilt-modules/26.5/Metal.swiftmodule/arm64e-apple-ios.swiftmodule /Applications/Xcode_26.6.app/Contents/Developer/Toolchains/XcodeDefault.xctoolchain/usr/lib/swift/iphoneos/prebuilt-modules/26.5/Network.swiftmodule/arm64e-apple-ios.swiftmodule /Applications/Xcode_26.6.app/Contents/Developer/Toolchains/XcodeDefault.xctoolchain/usr/lib/swift/iphoneos/prebuilt-modules/26.5/CoreText.swiftmodule/arm64e-apple-ios.swiftmodule /Applications/Xcode_26.6.app/Contents/Developer/Toolchains/XcodeDefault.xctoolchain/usr/lib/swift/iphoneos/prebuilt-modules/26.5/XPC.swiftmodule/arm64e-apple-ios.swiftmodule /Applications/Xcode_26.6.app/Contents/Developer/Toolchains/XcodeDefault.xctoolchain/usr/lib/swift/iphoneos/prebuilt-modules/26.5/Foundation.swiftmodule/arm64e-apple-ios.swiftmodule /Applications/Xcode_26.6.app/Contents/Developer/Toolchains/XcodeDefault.xctoolchain/usr/lib/swift/iphoneos/prebuilt-modules/26.5/OSLog.swiftmodule/arm64e-apple-ios.swiftmodule /Applications/Xcode_26.6.app/Contents/Developer/Toolchains/XcodeDefault.xctoolchain/usr/lib/swift/iphoneos/prebuilt-modules/26.5/CoreData.swiftmodule/arm64e-apple-ios.swiftmodule /Applications/Xcode_26.6.app/Contents/Developer/Toolchains/XcodeDefault.xctoolchain/usr/lib/swift/iphoneos/prebuilt-modules/26.5/simd.swiftmodule/arm64e-apple-ios.swiftmodule /Applications/Xcode_26.6.app/Contents/Developer/Toolchains/XcodeDefault.xctoolchain/usr/lib/swift/iphoneos/prebuilt-modules/26.5/DataDetection.swiftmodule/arm64e-apple-ios.swiftmodule /Applications/Xcode_26.6.app/Contents/Developer/Toolchains/XcodeDefault.xctoolchain/usr/lib/swift/iphoneos/prebuilt-modules/26.5/ObjectiveC.swiftmodule/arm64e-apple-ios.swiftmodule /Applications/Xcode_26.6.app/Contents/Developer/Toolchains/XcodeDefault.xctoolchain/usr/lib/swift/iphoneos/prebuilt-modules/26.5/CoreImage.swiftmodule/arm64e-apple-ios.swiftmodule /Applications/Xcode_26.6.app/Contents/Developer/Toolchains/XcodeDefault.xctoolchain/usr/lib/swift/iphoneos/prebuilt-modules/26.5/DeveloperToolsSupport.swiftmodule/arm64e-apple-ios.swiftmodule /Applications/Xcode_26.6.app/Contents/Developer/Toolchains/XcodeDefault.xctoolchain/usr/lib/swift/iphoneos/prebuilt-modules/26.5/Darwin.swiftmodule/arm64e-apple-ios.swiftmodule /Applications/Xcode_26.6.app/Contents/Developer/Toolchains/XcodeDefault.xctoolchain/usr/lib/swift/iphoneos/prebuilt-modules/26.5/_StringProcessing.swiftmodule/arm64e-apple-ios.swiftmodule /Applications/Xcode_26.6.app/Contents/Developer/Toolchains/XcodeDefault.xctoolchain/usr/lib/swift/iphoneos/prebuilt-modules/26.5/Distributed.swiftmodule/arm64e-apple-ios.swiftmodule /Applications/Xcode_26.6.app/Contents/Developer/Toolchains/XcodeDefault.xctoolchain/usr/lib/swift/iphoneos/prebuilt-modules/26.5/Spatial.swiftmodule/arm64e-apple-ios.swiftmodule /Applications/Xcode_26.6.app/Contents/Developer/Toolchains/XcodeDefault.xctoolchain/usr/lib/swift/iphoneos/prebuilt-modules/26.5/_Builtin_float.swiftmodule/arm64e-apple-ios.swiftmodule /Applications/Xcode_26.6.app/Contents/Developer/Toolchains/XcodeDefault.xctoolchain/usr/lib/swift/iphoneos/prebuilt-modules/26.5/_DarwinFoundation1.swiftmodule/arm64e-apple-ios.swiftmodule /Applications/Xcode_26.6.app/Contents/Developer/Toolchains/XcodeDefault.xctoolchain/usr/lib/swift/iphoneos/prebuilt-modules/26.5/_DarwinFoundation2.swiftmodule/arm64e-apple-ios.swiftmodule /Applications/Xcode_26.6.app/Contents/Developer/Toolchains/XcodeDefault.xctoolchain/usr/lib/swift/iphoneos/prebuilt-modules/26.5/Swift.swiftmodule/arm64e-apple-ios.swiftmodule /Applications/Xcode_26.6.app/Contents/Developer/Toolchains/XcodeDefault.xctoolchain/usr/lib/swift/iphoneos/prebuilt-modules/26.5/CoreGraphics.swiftmodule/arm64e-apple-ios.swiftmodule /Applications/Xcode_26.6.app/Contents/Developer/Toolchains/XcodeDefault.xctoolchain/usr/lib/swift/iphoneos/prebuilt-modules/26.5/Symbols.swiftmodule/arm64e-apple-ios.swiftmodule /Applications/Xcode_26.6.app/Contents/Developer/Toolchains/XcodeDefault.xctoolchain/usr/lib/swift/iphoneos/prebuilt-modules/26.5/System.swiftmodule/arm64e-apple-ios.swiftmodule /Applications/Xcode_26.6.app/Contents/Developer/Toolchains/XcodeDefault.xctoolchain/usr/lib/swift/iphoneos/prebuilt-modules/26.5/Combine.swiftmodule/arm64e-apple-ios.swiftmodule /Applications/Xcode_26.6.app/Contents/Developer/Toolchains/XcodeDefault.xctoolchain/usr/lib/swift/iphoneos/prebuilt-modules/26.5/_WebKit_SwiftUI.swiftmodule/arm64e-apple-ios.swiftmodule /Applications/Xcode_26.6.app/Contents/Developer/Toolchains/XcodeDefault.xctoolchain/usr/lib/swift/iphoneos/prebuilt-modules/26.5/UIKit.swiftmodule/arm64e-apple-ios.swiftmodule /Applications/Xcode_26.6.app/Contents/Developer/Toolchains/XcodeDefault.xctoolchain/usr/lib/swift/iphoneos/prebuilt-modules/26.5/FileProvider.swiftmodule/arm64e-apple-ios.swiftmodule /Applications/Xcode_26.6.app/Contents/Developer/Toolchains/XcodeDefault.xctoolchain/usr/lib/swift/iphoneos/prebuilt-modules/26.5/SwiftUI.swiftmodule/arm64e-apple-ios.swiftmodule /Applications/Xcode_26.6.app/Contents/Developer/Toolchains/XcodeDefault.xctoolchain/usr/lib/swift/iphoneos/prebuilt-modules/26.5/os.swiftmodule/arm64e-apple-ios.swiftmodule /Applications/Xcode_26.6.app/Contents/Developer/Toolchains/XcodeDefault.xctoolchain/usr/lib/swift/iphoneos/prebuilt-modules/26.5/CoreVideo.swiftmodule/arm64e-apple-ios.swiftmodule /Applications/Xcode_26.6.app/Contents/Developer/Toolchains/XcodeDefault.xctoolchain/usr/lib/swift/iphoneos/prebuilt-modules/26.5/_DarwinFoundation3.swiftmodule/arm64e-apple-ios.swiftmodule /Applications/Xcode_26.6.app/Contents/Developer/Toolchains/XcodeDefault.xctoolchain/usr/lib/swift/iphoneos/prebuilt-modules/26.5/QuartzCore.swiftmodule/arm64e-apple-ios.swiftmodule /Applications/Xcode_26.6.app/Contents/Developer/Toolchains/XcodeDefault.xctoolchain/usr/lib/swift/iphoneos/prebuilt-modules/26.5/UniformTypeIdentifiers.swiftmodule/arm64e-apple-ios.swiftmodule /Applications/Xcode_26.6.app/Contents/Developer/Toolchains/XcodeDefault.xctoolchain/usr/lib/swift/iphoneos/prebuilt-modules/26.5/Observation.swiftmodule/arm64e-apple-ios.swiftmodule /Applications/Xcode_26.6.app/Contents/Developer/Toolchains/XcodeDefault.xctoolchain/usr/lib/swift/iphoneos/prebuilt-modules/26.5/CoreFoundation.swiftmodule/arm64e-apple-ios.swiftmodule /Applications/Xcode_26.6.app/Contents/Developer/Toolchains/XcodeDefault.xctoolchain/usr/lib/swift/iphoneos/prebuilt-modules/26.5/Dispatch.swiftmodule/arm64e-apple-ios.swiftmodule /Applications/Xcode_26.6.app/Contents/Developer/Toolchains/XcodeDefault.xctoolchain/usr/lib/swift/iphoneos/prebuilt-modules/26.5/_Concurrency.swiftmodule/arm64e-apple-ios.swiftmodule /Applications/Xcode_26.6.app/Contents/Developer/Toolchains/XcodeDefault.xctoolchain/usr/lib/swift/iphoneos/prebuilt-modules/26.5/CoreTransferable.swiftmodule/arm64e-apple-ios.swiftmodule /Applications/Xcode_26.6.app/Contents/Developer/Toolchains/XcodeDefault.xctoolchain/usr/lib/swift/iphoneos/prebuilt-modules/26.5/SwiftUICore.swiftmodule/arm64e-apple-ios.swiftmodule /Users/runner/Library/Developer/Xcode/DerivedData/ModuleCache.noindex/_Builtin_intrinsics-99O65VBQ24FR6L5LL9JW9AR1W.pcm /Users/runner/Library/Developer/Xcode/DerivedData/ModuleCache.noindex/CoreFoundation-AJVBJNWJLXSNXAG6CFR83HFOF.pcm /Users/runner/Library/Developer/Xcode/DerivedData/ModuleCache.noindex/UniformTypeIdentifiers-5SQL832U5YS5P4OFS71ZU71ZH.pcm /Users/runner/Library/Developer/Xcode/DerivedData/ModuleCache.noindex/SwiftUI-6B305YEGM6ZJ1GCRJMNGN14J6.pcm /Users/runner/Library/Developer/Xcode/DerivedData/ModuleCache.noindex/Security-CIWSTZAS0BOTYSHUXXOWYSEX5.pcm /Users/runner/Library/Developer/Xcode/DerivedData/ModuleCache.noindex/QuartzCore-566Q57FTIWBTHFMCCY09MABDC.pcm /Users/runner/Library/Developer/Xcode/DerivedData/ModuleCache.noindex/Darwin-D9UWKS8G5A983R1DJ4W24YSKP.pcm /Users/runner/Library/Developer/Xcode/DerivedData/ModuleCache.noindex/DataDetection-D4KJ1S9E4WLZ9667PTN5AXI9K.pcm /Users/runner/Library/Developer/Xcode/DerivedData/ModuleCache.noindex/CFNetwork-4AKTMCE1W2AF00ZV9XZ8XN8BU.pcm /Users/runner/Library/Developer/Xcode/DerivedData/ModuleCache.noindex/Foundation-1X62Q4Y5CFD79X7DK8WGN1XR7.pcm /Users/runner/Library/Developer/Xcode/DerivedData/ModuleCache.noindex/ptrauth-DABL4NITE6FI9XGP0U5ICP5U7.pcm /Users/runner/Library/Developer/Xcode/DerivedData/ModuleCache.noindex/_Builtin_stdatomic-9060L4NKPD5ER5I6FJ57E8WVA.pcm /Users/runner/Library/Developer/Xcode/DerivedData/ModuleCache.noindex/XPC-4PB7SR0PM1G3Z1V4ERK8LTRR6.pcm /Users/runner/Library/Developer/Xcode/DerivedData/ModuleCache.noindex/UIUtilities-68BP72D2ARRWVKR5ND13PTZHD.pcm /Users/runner/Library/Developer/Xcode/DerivedData/ModuleCache.noindex/CoreGraphics-1G5052L8UUCYJ9W6QLENAXY9U.pcm /Users/runner/Library/Developer/Xcode/DerivedData/ModuleCache.noindex/OpenGLES-457SP2TZA6UHDMTKTCX1NW350.pcm /Users/runner/Library/Developer/Xcode/DerivedData/ModuleCache.noindex/FileProvider-2IGH0JAASCWFWTHH3HQB16NAT.pcm /Users/runner/Library/Developer/Xcode/DerivedData/ModuleCache.noindex/_Builtin_inttypes-AMA2B4Y7QBKPABLXFSRFWCL9N.pcm /Users/runner/Library/Developer/Xcode/DerivedData/ModuleCache.noindex/SwiftUICore-9DIEMH4Z9T64AGJB2R6KD3EOR.pcm /Users/runner/Library/Developer/Xcode/DerivedData/ModuleCache.noindex/ObjectiveC-UL57PEN9KLSC4RHLEIGY3HA.pcm /Users/runner/Library/Developer/Xcode/DerivedData/ModuleCache.noindex/_Builtin_float-2YO6PSBAHJ04WO49MXMPSPE2E.pcm /Users/runner/Library/Developer/Xcode/DerivedData/ModuleCache.noindex/ImageIO-DO2T5X90PE8HDHJGTWQBWNA65.pcm /Users/runner/Library/Developer/Xcode/DerivedData/ModuleCache.noindex/Metal-DNRDTVJ2K7CPTS3LY6NISTWHE.pcm /Users/runner/Library/Developer/Xcode/DerivedData/ModuleCache.noindex/dnssd-AB1MJ0IHS4AY4FMB9VINDZFNL.pcm /Users/runner/Library/Developer/Xcode/DerivedData/ModuleCache.noindex/IOSurface-5JX3VCZ80M38F2Z6PCGNGZCAT.pcm /Users/runner/Library/Developer/Xcode/DerivedData/ModuleCache.noindex/_Builtin_stdarg-AWNHK52NN9LOBSP9B3ES6N4JP.pcm /Users/runner/Library/Developer/Xcode/DerivedData/ModuleCache.noindex/_Builtin_stdint-1IVO0O4NH45TV1AYF52FCLU39.pcm /Users/runner/Library/Developer/Xcode/DerivedData/ModuleCache.noindex/Accessibility-ZCOQIL8YWBFQ0TLBXFB2N57I.pcm /Users/runner/Library/Developer/Xcode/DerivedData/ModuleCache.noindex/_Builtin_stddef-DM9FIK1TI14UIQLTPTSDRJRH8.pcm /Users/runner/Library/Developer/Xcode/DerivedData/ModuleCache.noindex/CoreVideo-BZMXU0P2Z8IQSJANCXSICOTKV.pcm /Users/runner/Library/Developer/Xcode/DerivedData/ModuleCache.noindex/ptrcheck-F4E3AJ5OSHOZ9IBB2GP04PWWI.pcm /Users/runner/Library/Developer/Xcode/DerivedData/ModuleCache.noindex/_DarwinFoundation2-CHABC5SS8N2OTC0RLF1PF00IL.pcm /Users/runner/Library/Developer/Xcode/DerivedData/ModuleCache.noindex/UIKit-EXU98BO9TKBKUJMALVDROIG6.pcm /Users/runner/Library/Developer/Xcode/DerivedData/ModuleCache.noindex/SwiftShims-72SLMYIIT0DF0R4G8CULVMIGB.pcm /Users/runner/Library/Developer/Xcode/DerivedData/ModuleCache.noindex/UserNotifications-9XZE59KS9YG29GOP295XNSED9.pcm /Users/runner/Library/Developer/Xcode/DerivedData/ModuleCache.noindex/OSLog-DKEX056QW3YCNCO6DBH0EAM0E.pcm /Users/runner/Library/Developer/Xcode/DerivedData/ModuleCache.noindex/CoreText-7G27BMK29AJO8FLDTQX72AKIO.pcm /Users/runner/Library/Developer/Xcode/DerivedData/ModuleCache.noindex/Network-CV64AECI38K2LZC189XU1XATE.pcm /Users/runner/Library/Developer/Xcode/DerivedData/ModuleCache.noindex/_SwiftConcurrencyShims-11WQO0U6NUPEG5KX0XIBPK7HV.pcm /Users/runner/Library/Developer/Xcode/DerivedData/ModuleCache.noindex/_DarwinFoundation1-AVQP07R3FLQDOZLLLTSBQE6KZ.pcm /Users/runner/Library/Developer/Xcode/DerivedData/ModuleCache.noindex/os_object-E4IBKKHD0T0YBYBJLG4YXIM1L.pcm /Users/runner/Library/Developer/Xcode/DerivedData/ModuleCache.noindex/CoreImage-27LC9VRXJDFZFMFSKO9E5CY0O.pcm /Users/runner/Library/Developer/Xcode/DerivedData/ModuleCache.noindex/WebKit-BHUTFRGY1UJ4DIE8PORWCVFMS.pcm /Users/runner/Library/Developer/Xcode/DerivedData/ModuleCache.noindex/os-1REBWOFRQ4PBO7QOUF0V31OPU.pcm /Users/runner/Library/Developer/Xcode/DerivedData/ModuleCache.noindex/DeveloperToolsSupport-EMHRDK0O1ZXXZII2U7HYGBAAB.pcm /Users/runner/Library/Developer/Xcode/DerivedData/ModuleCache.noindex/Dispatch-9CU9L6AJGABEPEK1MML5WOJEH.pcm /Users/runner/Library/Developer/Xcode/DerivedData/ModuleCache.noindex/CoreTransferable-AAQIWS8UG8MGA4ZNEWBZ2W2IY.pcm /Users/runner/Library/Developer/Xcode/DerivedData/ModuleCache.noindex/simd-CLUOIJ1OU38JUV8Q94GRO1JFW.pcm /Users/runner/Library/Developer/Xcode/DerivedData/ModuleCache.noindex/CoreData-3FH3JHVLSCG105NRLU6T3RF4G.pcm /Users/runner/Library/Developer/Xcode/DerivedData/ModuleCache.noindex/_Builtin_limits-5XLAGNJNMUIA35MLR9224J96G.pcm /Users/runner/Library/Developer/Xcode/DerivedData/ModuleCache.noindex/_Builtin_stdbool-F2JDNPQEX6SQ9OSYLY30YZQUK.pcm /Users/runner/Library/Developer/Xcode/DerivedData/ModuleCache.noindex/Symbols-3Z96XHQKJOEPY4CGQ63YIUGXQ.pcm /Users/runner/Library/Developer/Xcode/DerivedData/ModuleCache.noindex/_Builtin_tgmath-54R3DMFU6DS0GI3Z1X2FGPB20.pcm /Users/runner/Library/Developer/Xcode/DerivedData/ModuleCache.noindex/os_workgroup-32Z9ZWHZO4UN3G5VTRHGO9J2G.pcm /Users/runner/Library/Developer/Xcode/DerivedData/ModuleCache.noindex/MachO-B6RJ1U22Q2HMP7YR9Z0P7VQ0Z.pcm /Users/runner/Library/Developer/Xcode/DerivedData/ModuleCache.noindex/_DarwinFoundation3-DT13DYQO20ZPMHDX5CDK95E4D.pcm /Users/runner/Library/Developer/Xcode/DerivedData/ModuleCache.noindex/_AvailabilityInternal-D134KYCM5B7H7LEX0UZ8E87OC.pcm /Users/runner/Library/Developer/Xcode/DerivedData/ModuleCache.noindex/Spatial-66ZFZVSPF6NR4DI3VRZP5OD1H.pcm /Users/runner/Library/Developer/Xcode/DerivedData/ModuleCache.noindex/sys_types-6VUOHF7N0NSAAA8P9FPHKE8W6.pcm /Users/runner/Library/Developer/Xcode/DerivedData/Yakusoku-egqvbuwaxpgagofmgmssfdirwlml/Build/Intermediates.noindex/ArchiveIntermediates/Yakusoku/IntermediateBuildFilesPath/Yakusoku.build/Release-iphoneos/Yakusoku.build/Objects-normal/arm64/yakusoku-dependencies-1.json (in target 'Yakusoku' from project 'Yakusoku')

CompileSwift normal arm64 (in target 'Yakusoku' from project 'Yakusoku')
    cd /Users/runner/work/yakusoku-ios/yakusoku-ios
    

SwiftDriverJobDiscovery normal arm64 Compiling AppDelegate.swift, RootView.swift, WebViewContainer.swift, WebViewModel.swift, YakusokuApp.swift (in target 'Yakusoku' from project 'Yakusoku')

SwiftDriver\ Compilation\ Requirements Yakusoku normal arm64 com.apple.xcode.tools.swift.compiler (in target 'Yakusoku' from project 'Yakusoku')
    cd /Users/runner/work/yakusoku-ios/yakusoku-ios
    builtin-Swift-Compilation-Requirements -- /Applications/Xcode_26.6.app/Contents/Developer/Toolchains/XcodeDefault.xctoolchain/usr/bin/swiftc -module-name yakusoku -O -whole-module-optimization @/Users/runner/Library/Developer/Xcode/DerivedData/Yakusoku-egqvbuwaxpgagofmgmssfdirwlml/Build/Intermediates.noindex/ArchiveIntermediates/Yakusoku/IntermediateBuildFilesPath/Yakusoku.build/Release-iphoneos/Yakusoku.build/Objects-normal/arm64/yakusoku.SwiftFileList -enable-bare-slash-regex -enable-experimental-feature DebugDescriptionMacro -sdk /Applications/Xcode_26.6.app/Contents/Developer/Platforms/iPhoneOS.platform/Developer/SDKs/iPhoneOS26.5.sdk -target arm64-apple-ios15.0 -g -module-cache-path /Users/runner/Library/Developer/Xcode/DerivedData/ModuleCache.noindex -Xfrontend -serialize-debugging-options -swift-version 5 -I /Users/runner/Library/Developer/Xcode/DerivedData/Yakusoku-egqvbuwaxpgagofmgmssfdirwlml/Build/Intermediates.noindex/ArchiveIntermediates/Yakusoku/BuildProductsPath/Release-iphoneos -F /Users/runner/Library/Developer/Xcode/DerivedData/Yakusoku-egqvbuwaxpgagofmgmssfdirwlml/Build/Intermediates.noindex/ArchiveIntermediates/Yakusoku/BuildProductsPath/Release-iphoneos -c -num-threads 3 -Xcc -ivfsstatcache -Xcc /Users/runner/Library/Developer/Xcode/DerivedData/SDKStatCaches.noindex/iphoneos26.5-23F81a-688ef53f1462e2c8f657fdc38a81448fee66e23052a0157c865c76b268046726.sdkstatcache -output-file-map /Users/runner/Library/Developer/Xcode/DerivedData/Yakusoku-egqvbuwaxpgagofmgmssfdirwlml/Build/Intermediates.noindex/ArchiveIntermediates/Yakusoku/IntermediateBuildFilesPath/Yakusoku.build/Release-iphoneos/Yakusoku.build/Objects-normal/arm64/Yakusoku-OutputFileMap.json -use-frontend-parseable-output -save-temps -no-color-diagnostics -explicit-module-build -module-cache-path /Users/runner/Library/Developer/Xcode/DerivedData/Yakusoku-egqvbuwaxpgagofmgmssfdirwlml/Build/Intermediates.noindex/ArchiveIntermediates/Yakusoku/IntermediateBuildFilesPath/SwiftExplicitPrecompiledModules -clang-scanner-module-cache-path /Users/runner/Library/Developer/Xcode/DerivedData/ModuleCache.noindex -sdk-module-cache-path /Users/runner/Library/Developer/Xcode/DerivedData/ModuleCache.noindex -serialize-diagnostics -emit-dependencies -emit-module -emit-module-path /Users/runner/Library/Developer/Xcode/DerivedData/Yakusoku-egqvbuwaxpgagofmgmssfdirwlml/Build/Intermediates.noindex/ArchiveIntermediates/Yakusoku/IntermediateBuildFilesPath/Yakusoku.build/Release-iphoneos/Yakusoku.build/Objects-normal/arm64/yakusoku.swiftmodule -validate-clang-modules-once -clang-build-session-file /Users/runner/Library/Developer/Xcode/DerivedData/ModuleCache.noindex/Session.modulevalidation -Xcc -I/Users/runner/Library/Developer/Xcode/DerivedData/Yakusoku-egqvbuwaxpgagofmgmssfdirwlml/Build/Intermediates.noindex/ArchiveIntermediates/Yakusoku/IntermediateBuildFilesPath/Yakusoku.build/Release-iphoneos/Yakusoku.build/swift-overrides.hmap -emit-const-values -Xfrontend -const-gather-protocols-file -Xfrontend /Users/runner/Library/Developer/Xcode/DerivedData/Yakusoku-egqvbuwaxpgagofmgmssfdirwlml/Build/Intermediates.noindex/ArchiveIntermediates/Yakusoku/IntermediateBuildFilesPath/Yakusoku.build/Release-iphoneos/Yakusoku.build/Objects-normal/arm64/Yakusoku_const_extract_protocols.json -Xcc -iquote -Xcc /Users/runner/Library/Developer/Xcode/DerivedData/Yakusoku-egqvbuwaxpgagofmgmssfdirwlml/Build/Intermediates.noindex/ArchiveIntermediates/Yakusoku/IntermediateBuildFilesPath/Yakusoku.build/Release-iphoneos/Yakusoku.build/yakusoku-generated-files.hmap -Xcc -I/Users/runner/Library/Developer/Xcode/DerivedData/Yakusoku-egqvbuwaxpgagofmgmssfdirwlml/Build/Intermediates.noindex/ArchiveIntermediates/Yakusoku/IntermediateBuildFilesPath/Yakusoku.build/Release-iphoneos/Yakusoku.build/yakusoku-own-target-headers.hmap -Xcc -I/Users/runner/Library/Developer/Xcode/DerivedData/Yakusoku-egqvbuwaxpgagofmgmssfdirwlml/Build/Intermediates.noindex/ArchiveIntermediates/Yakusoku/IntermediateBuildFilesPath/Yakusoku.build/Release-iphoneos/Yakusoku.build/yakusoku-all-target-headers.hmap -Xcc -iquote -Xcc /Users/runner/Library/Developer/Xcode/DerivedData/Yakusoku-egqvbuwaxpgagofmgmssfdirwlml/Build/Intermediates.noindex/ArchiveIntermediates/Yakusoku/IntermediateBuildFilesPath/Yakusoku.build/Release-iphoneos/Yakusoku.build/yakusoku-project-headers.hmap -Xcc -I/Users/runner/Library/Developer/Xcode/DerivedData/Yakusoku-egqvbuwaxpgagofmgmssfdirwlml/Build/Intermediates.noindex/ArchiveIntermediates/Yakusoku/BuildProductsPath/Release-iphoneos/include -Xcc -I/Users/runner/Library/Developer/Xcode/DerivedData/Yakusoku-egqvbuwaxpgagofmgmssfdirwlml/Build/Intermediates.noindex/ArchiveIntermediates/Yakusoku/IntermediateBuildFilesPath/Yakusoku.build/Release-iphoneos/Yakusoku.build/DerivedSources-normal/arm64 -Xcc -I/Users/runner/Library/Developer/Xcode/DerivedData/Yakusoku-egqvbuwaxpgagofmgmssfdirwlml/Build/Intermediates.noindex/ArchiveIntermediates/Yakusoku/IntermediateBuildFilesPath/Yakusoku.build/Release-iphoneos/Yakusoku.build/DerivedSources/arm64 -Xcc -I/Users/runner/Library/Developer/Xcode/DerivedData/Yakusoku-egqvbuwaxpgagofmgmssfdirwlml/Build/Intermediates.noindex/ArchiveIntermediates/Yakusoku/IntermediateBuildFilesPath/Yakusoku.build/Release-iphoneos/Yakusoku.build/DerivedSources -emit-objc-header -emit-objc-header-path /Users/runner/Library/Developer/Xcode/DerivedData/Yakusoku-egqvbuwaxpgagofmgmssfdirwlml/Build/Intermediates.noindex/ArchiveIntermediates/Yakusoku/IntermediateBuildFilesPath/Yakusoku.build/Release-iphoneos/Yakusoku.build/Objects-normal/arm64/yakusoku-Swift.h -working-directory /Users/runner/work/yakusoku-ios/yakusoku-ios -no-emit-module-separately-wmo

SwiftMergeGeneratedHeaders /Users/runner/Library/Developer/Xcode/DerivedData/Yakusoku-egqvbuwaxpgagofmgmssfdirwlml/Build/Intermediates.noindex/ArchiveIntermediates/Yakusoku/IntermediateBuildFilesPath/Yakusoku.build/Release-iphoneos/Yakusoku.build/DerivedSources/yakusoku-Swift.h /Users/runner/Library/Developer/Xcode/DerivedData/Yakusoku-egqvbuwaxpgagofmgmssfdirwlml/Build/Intermediates.noindex/ArchiveIntermediates/Yakusoku/IntermediateBuildFilesPath/Yakusoku.build/Release-iphoneos/Yakusoku.build/Objects-normal/arm64/yakusoku-Swift.h (in target 'Yakusoku' from project 'Yakusoku')
    cd /Users/runner/work/yakusoku-ios/yakusoku-ios
    builtin-swiftHeaderTool -arch arm64 /Users/runner/Library/Developer/Xcode/DerivedData/Yakusoku-egqvbuwaxpgagofmgmssfdirwlml/Build/Intermediates.noindex/ArchiveIntermediates/Yakusoku/IntermediateBuildFilesPath/Yakusoku.build/Release-iphoneos/Yakusoku.build/Objects-normal/arm64/yakusoku-Swift.h -o /Users/runner/Library/Developer/Xcode/DerivedData/Yakusoku-egqvbuwaxpgagofmgmssfdirwlml/Build/Intermediates.noindex/ArchiveIntermediates/Yakusoku/IntermediateBuildFilesPath/Yakusoku.build/Release-iphoneos/Yakusoku.build/DerivedSources/yakusoku-Swift.h

Copy /Users/runner/Library/Developer/Xcode/DerivedData/Yakusoku-egqvbuwaxpgagofmgmssfdirwlml/Build/Intermediates.noindex/ArchiveIntermediates/Yakusoku/BuildProductsPath/Release-iphoneos/yakusoku.swiftmodule/arm64-apple-ios.swiftdoc /Users/runner/Library/Developer/Xcode/DerivedData/Yakusoku-egqvbuwaxpgagofmgmssfdirwlml/Build/Intermediates.noindex/ArchiveIntermediates/Yakusoku/IntermediateBuildFilesPath/Yakusoku.build/Release-iphoneos/Yakusoku.build/Objects-normal/arm64/yakusoku.swiftdoc (in target 'Yakusoku' from project 'Yakusoku')
    cd /Users/runner/work/yakusoku-ios/yakusoku-ios
    builtin-copy -exclude .DS_Store -exclude CVS -exclude .svn -exclude .git -exclude .hg -resolve-src-symlinks -rename /Users/runner/Library/Developer/Xcode/DerivedData/Yakusoku-egqvbuwaxpgagofmgmssfdirwlml/Build/Intermediates.noindex/ArchiveIntermediates/Yakusoku/IntermediateBuildFilesPath/Yakusoku.build/Release-iphoneos/Yakusoku.build/Objects-normal/arm64/yakusoku.swiftdoc /Users/runner/Library/Developer/Xcode/DerivedData/Yakusoku-egqvbuwaxpgagofmgmssfdirwlml/Build/Intermediates.noindex/ArchiveIntermediates/Yakusoku/BuildProductsPath/Release-iphoneos/yakusoku.swiftmodule/arm64-apple-ios.swiftdoc

Copy /Users/runner/Library/Developer/Xcode/DerivedData/Yakusoku-egqvbuwaxpgagofmgmssfdirwlml/Build/Intermediates.noindex/ArchiveIntermediates/Yakusoku/BuildProductsPath/Release-iphoneos/yakusoku.swiftmodule/arm64-apple-ios.swiftmodule /Users/runner/Library/Developer/Xcode/DerivedData/Yakusoku-egqvbuwaxpgagofmgmssfdirwlml/Build/Intermediates.noindex/ArchiveIntermediates/Yakusoku/IntermediateBuildFilesPath/Yakusoku.build/Release-iphoneos/Yakusoku.build/Objects-normal/arm64/yakusoku.swiftmodule (in target 'Yakusoku' from project 'Yakusoku')
    cd /Users/runner/work/yakusoku-ios/yakusoku-ios
    builtin-copy -exclude .DS_Store -exclude CVS -exclude .svn -exclude .git -exclude .hg -resolve-src-symlinks -rename /Users/runner/Library/Developer/Xcode/DerivedData/Yakusoku-egqvbuwaxpgagofmgmssfdirwlml/Build/Intermediates.noindex/ArchiveIntermediates/Yakusoku/IntermediateBuildFilesPath/Yakusoku.build/Release-iphoneos/Yakusoku.build/Objects-normal/arm64/yakusoku.swiftmodule /Users/runner/Library/Developer/Xcode/DerivedData/Yakusoku-egqvbuwaxpgagofmgmssfdirwlml/Build/Intermediates.noindex/ArchiveIntermediates/Yakusoku/BuildProductsPath/Release-iphoneos/yakusoku.swiftmodule/arm64-apple-ios.swiftmodule

Copy /Users/runner/Library/Developer/Xcode/DerivedData/Yakusoku-egqvbuwaxpgagofmgmssfdirwlml/Build/Intermediates.noindex/ArchiveIntermediates/Yakusoku/BuildProductsPath/Release-iphoneos/yakusoku.swiftmodule/arm64-apple-ios.abi.json /Users/runner/Library/Developer/Xcode/DerivedData/Yakusoku-egqvbuwaxpgagofmgmssfdirwlml/Build/Intermediates.noindex/ArchiveIntermediates/Yakusoku/IntermediateBuildFilesPath/Yakusoku.build/Release-iphoneos/Yakusoku.build/Objects-normal/arm64/yakusoku.abi.json (in target 'Yakusoku' from project 'Yakusoku')
    cd /Users/runner/work/yakusoku-ios/yakusoku-ios
    builtin-copy -exclude .DS_Store -exclude CVS -exclude .svn -exclude .git -exclude .hg -resolve-src-symlinks -rename /Users/runner/Library/Developer/Xcode/DerivedData/Yakusoku-egqvbuwaxpgagofmgmssfdirwlml/Build/Intermediates.noindex/ArchiveIntermediates/Yakusoku/IntermediateBuildFilesPath/Yakusoku.build/Release-iphoneos/Yakusoku.build/Objects-normal/arm64/yakusoku.abi.json /Users/runner/Library/Developer/Xcode/DerivedData/Yakusoku-egqvbuwaxpgagofmgmssfdirwlml/Build/Intermediates.noindex/ArchiveIntermediates/Yakusoku/BuildProductsPath/Release-iphoneos/yakusoku.swiftmodule/arm64-apple-ios.abi.json

Ld /Users/runner/Library/Developer/Xcode/DerivedData/Yakusoku-egqvbuwaxpgagofmgmssfdirwlml/Build/Intermediates.noindex/ArchiveIntermediates/Yakusoku/InstallationBuildProductsLocation/Applications/yakusoku.app/yakusoku normal (in target 'Yakusoku' from project 'Yakusoku')
    cd /Users/runner/work/yakusoku-ios/yakusoku-ios
    /Applications/Xcode_26.6.app/Contents/Developer/Toolchains/XcodeDefault.xctoolchain/usr/bin/clang -Xlinker -reproducible -target arm64-apple-ios15.0 -isysroot /Applications/Xcode_26.6.app/Contents/Developer/Platforms/iPhoneOS.platform/Developer/SDKs/iPhoneOS26.5.sdk -Os -L/Users/runner/Library/Developer/Xcode/DerivedData/Yakusoku-egqvbuwaxpgagofmgmssfdirwlml/Build/Intermediates.noindex/ArchiveIntermediates/Yakusoku/IntermediateBuildFilesPath/EagerLinkingTBDs/Release-iphoneos -L/Users/runner/Library/Developer/Xcode/DerivedData/Yakusoku-egqvbuwaxpgagofmgmssfdirwlml/Build/Intermediates.noindex/ArchiveIntermediates/Yakusoku/BuildProductsPath/Release-iphoneos -F/Users/runner/Library/Developer/Xcode/DerivedData/Yakusoku-egqvbuwaxpgagofmgmssfdirwlml/Build/Intermediates.noindex/ArchiveIntermediates/Yakusoku/IntermediateBuildFilesPath/EagerLinkingTBDs/Release-iphoneos -F/Users/runner/Library/Developer/Xcode/DerivedData/Yakusoku-egqvbuwaxpgagofmgmssfdirwlml/Build/Intermediates.noindex/ArchiveIntermediates/Yakusoku/BuildProductsPath/Release-iphoneos -filelist /Users/runner/Library/Developer/Xcode/DerivedData/Yakusoku-egqvbuwaxpgagofmgmssfdirwlml/Build/Intermediates.noindex/ArchiveIntermediates/Yakusoku/IntermediateBuildFilesPath/Yakusoku.build/Release-iphoneos/Yakusoku.build/Objects-normal/arm64/yakusoku.LinkFileList -Xlinker -rpath -Xlinker /usr/lib/swift -Xlinker -rpath -Xlinker @executable_path/Frameworks -Xlinker -dead_strip -Xlinker -object_path_lto -Xlinker /Users/runner/Library/Developer/Xcode/DerivedData/Yakusoku-egqvbuwaxpgagofmgmssfdirwlml/Build/Intermediates.noindex/ArchiveIntermediates/Yakusoku/IntermediateBuildFilesPath/Yakusoku.build/Release-iphoneos/Yakusoku.build/Objects-normal/arm64/yakusoku_lto.o -Xlinker -final_output -Xlinker /Applications/yakusoku.app/yakusoku -Xlinker -dependency_info -Xlinker /Users/runner/Library/Developer/Xcode/DerivedData/Yakusoku-egqvbuwaxpgagofmgmssfdirwlml/Build/Intermediates.noindex/ArchiveIntermediates/Yakusoku/IntermediateBuildFilesPath/Yakusoku.build/Release-iphoneos/Yakusoku.build/Objects-normal/arm64/yakusoku_dependency_info.dat -fobjc-link-runtime -L/Applications/Xcode_26.6.app/Contents/Developer/Toolchains/XcodeDefault.xctoolchain/usr/lib/swift/iphoneos -L/usr/lib/swift -Xlinker -add_ast_path -Xlinker /Users/runner/Library/Developer/Xcode/DerivedData/Yakusoku-egqvbuwaxpgagofmgmssfdirwlml/Build/Intermediates.noindex/ArchiveIntermediates/Yakusoku/IntermediateBuildFilesPath/Yakusoku.build/Release-iphoneos/Yakusoku.build/Objects-normal/arm64/yakusoku.swiftmodule @/Users/runner/Library/Developer/Xcode/DerivedData/Yakusoku-egqvbuwaxpgagofmgmssfdirwlml/Build/Intermediates.noindex/ArchiveIntermediates/Yakusoku/IntermediateBuildFilesPath/Yakusoku.build/Release-iphoneos/Yakusoku.build/Objects-normal/arm64/yakusoku-linker-args.resp -o /Users/runner/Library/Developer/Xcode/DerivedData/Yakusoku-egqvbuwaxpgagofmgmssfdirwlml/Build/Intermediates.noindex/ArchiveIntermediates/Yakusoku/InstallationBuildProductsLocation/Applications/yakusoku.app/yakusoku

CopySwiftLibs /Users/runner/Library/Developer/Xcode/DerivedData/Yakusoku-egqvbuwaxpgagofmgmssfdirwlml/Build/Intermediates.noindex/ArchiveIntermediates/Yakusoku/InstallationBuildProductsLocation/Applications/yakusoku.app (in target 'Yakusoku' from project 'Yakusoku')
    cd /Users/runner/work/yakusoku-ios/yakusoku-ios
    builtin-swiftStdLibTool --copy --verbose --scan-executable /Users/runner/Library/Developer/Xcode/DerivedData/Yakusoku-egqvbuwaxpgagofmgmssfdirwlml/Build/Intermediates.noindex/ArchiveIntermediates/Yakusoku/InstallationBuildProductsLocation/Applications/yakusoku.app/yakusoku --scan-folder /Users/runner/Library/Developer/Xcode/DerivedData/Yakusoku-egqvbuwaxpgagofmgmssfdirwlml/Build/Intermediates.noindex/ArchiveIntermediates/Yakusoku/InstallationBuildProductsLocation/Applications/yakusoku.app/Frameworks --scan-folder /Users/runner/Library/Developer/Xcode/DerivedData/Yakusoku-egqvbuwaxpgagofmgmssfdirwlml/Build/Intermediates.noindex/ArchiveIntermediates/Yakusoku/InstallationBuildProductsLocation/Applications/yakusoku.app/PlugIns --scan-folder /Users/runner/Library/Developer/Xcode/DerivedData/Yakusoku-egqvbuwaxpgagofmgmssfdirwlml/Build/Intermediates.noindex/ArchiveIntermediates/Yakusoku/InstallationBuildProductsLocation/Applications/yakusoku.app/SystemExtensions --scan-folder /Users/runner/Library/Developer/Xcode/DerivedData/Yakusoku-egqvbuwaxpgagofmgmssfdirwlml/Build/Intermediates.noindex/ArchiveIntermediates/Yakusoku/InstallationBuildProductsLocation/Applications/yakusoku.app/Extensions --platform iphoneos --toolchain /var/run/com.apple.security.cryptexd/mnt/com.apple.MobileAsset.MetalToolchain-v17.6.109.0.xzYkNT/Metal.xctoolchain --toolchain /Applications/Xcode_26.6.app/Contents/Developer/Toolchains/XcodeDefault.xctoolchain --destination /Users/runner/Library/Developer/Xcode/DerivedData/Yakusoku-egqvbuwaxpgagofmgmssfdirwlml/Build/Intermediates.noindex/ArchiveIntermediates/Yakusoku/InstallationBuildProductsLocation/Applications/yakusoku.app/Frameworks --unsigned-destination /Users/runner/Library/Developer/Xcode/DerivedData/Yakusoku-egqvbuwaxpgagofmgmssfdirwlml/Build/Intermediates.noindex/ArchiveIntermediates/Yakusoku/BuildProductsPath/SwiftSupport --strip-bitcode --strip-bitcode-tool /Applications/Xcode_26.6.app/Contents/Developer/Toolchains/XcodeDefault.xctoolchain/usr/bin/bitcode_strip --emit-dependency-info /Users/runner/Library/Developer/Xcode/DerivedData/Yakusoku-egqvbuwaxpgagofmgmssfdirwlml/Build/Intermediates.noindex/ArchiveIntermediates/Yakusoku/IntermediateBuildFilesPath/Yakusoku.build/Release-iphoneos/Yakusoku.build/SwiftStdLibToolInputDependencies.dep --filter-for-swift-os --back-deploy-swift-span
Ignoring --strip-bitcode because --sign was not passed

ExtractAppIntentsMetadata (in target 'Yakusoku' from project 'Yakusoku')
    cd /Users/runner/work/yakusoku-ios/yakusoku-ios
    /Applications/Xcode_26.6.app/Contents/Developer/Toolchains/XcodeDefault.xctoolchain/usr/bin/appintentsmetadataprocessor --toolchain-dir /var/run/com.apple.security.cryptexd/mnt/com.apple.MobileAsset.MetalToolchain-v17.6.109.0.xzYkNT/Metal.xctoolchain --module-name yakusoku --sdk-root /Applications/Xcode_26.6.app/Contents/Developer/Platforms/iPhoneOS.platform/Developer/SDKs/iPhoneOS26.5.sdk --xcode-version 17F113 --platform-family iOS --deployment-target 15.0 --bundle-identifier com.yakusoku.app --output /Users/runner/Library/Developer/Xcode/DerivedData/Yakusoku-egqvbuwaxpgagofmgmssfdirwlml/Build/Intermediates.noindex/ArchiveIntermediates/Yakusoku/InstallationBuildProductsLocation/Applications/yakusoku.app --target-triple arm64-apple-ios15.0 --binary-file /Users/runner/Library/Developer/Xcode/DerivedData/Yakusoku-egqvbuwaxpgagofmgmssfdirwlml/Build/Intermediates.noindex/ArchiveIntermediates/Yakusoku/InstallationBuildProductsLocation/Applications/yakusoku.app/yakusoku --dependency-file /Users/runner/Library/Developer/Xcode/DerivedData/Yakusoku-egqvbuwaxpgagofmgmssfdirwlml/Build/Intermediates.noindex/ArchiveIntermediates/Yakusoku/IntermediateBuildFilesPath/Yakusoku.build/Release-iphoneos/Yakusoku.build/Objects-normal/arm64/yakusoku_dependency_info.dat --stringsdata-file /Users/runner/Library/Developer/Xcode/DerivedData/Yakusoku-egqvbuwaxpgagofmgmssfdirwlml/Build/Intermediates.noindex/ArchiveIntermediates/Yakusoku/IntermediateBuildFilesPath/Yakusoku.build/Release-iphoneos/Yakusoku.build/Objects-normal/arm64/ExtractedAppShortcutsMetadata.stringsdata --source-file-list /Users/runner/Library/Developer/Xcode/DerivedData/Yakusoku-egqvbuwaxpgagofmgmssfdirwlml/Build/Intermediates.noindex/ArchiveIntermediates/Yakusoku/IntermediateBuildFilesPath/Yakusoku.build/Release-iphoneos/Yakusoku.build/Objects-normal/arm64/yakusoku.SwiftFileList --metadata-file-list /Users/runner/Library/Developer/Xcode/DerivedData/Yakusoku-egqvbuwaxpgagofmgmssfdirwlml/Build/Intermediates.noindex/ArchiveIntermediates/Yakusoku/IntermediateBuildFilesPath/Yakusoku.build/Release-iphoneos/Yakusoku.build/yakusoku.DependencyMetadataFileList --static-metadata-file-list /Users/runner/Library/Developer/Xcode/DerivedData/Yakusoku-egqvbuwaxpgagofmgmssfdirwlml/Build/Intermediates.noindex/ArchiveIntermediates/Yakusoku/IntermediateBuildFilesPath/Yakusoku.build/Release-iphoneos/Yakusoku.build/yakusoku.DependencyStaticMetadataFileList --swift-const-vals-list /Users/runner/Library/Developer/Xcode/DerivedData/Yakusoku-egqvbuwaxpgagofmgmssfdirwlml/Build/Intermediates.noindex/ArchiveIntermediates/Yakusoku/IntermediateBuildFilesPath/Yakusoku.build/Release-iphoneos/Yakusoku.build/Objects-normal/arm64/yakusoku.SwiftConstValuesFileList --compile-time-extraction --deployment-aware-processing --validate-assistant-intents --no-app-shortcuts-localization
2026-09-02 19:28:56.782 appintentsmetadataprocessor[2497:11512] Starting appintentsmetadataprocessor export
2026-09-02 19:28:56.817 appintentsmetadataprocessor[2497:11512] warning: Metadata extraction skipped. No AppIntents.framework dependency found.

GenerateDSYMFile /Users/runner/Library/Developer/Xcode/DerivedData/Yakusoku-egqvbuwaxpgagofmgmssfdirwlml/Build/Intermediates.noindex/ArchiveIntermediates/Yakusoku/BuildProductsPath/Release-iphoneos/yakusoku.app.dSYM /Users/runner/Library/Developer/Xcode/DerivedData/Yakusoku-egqvbuwaxpgagofmgmssfdirwlml/Build/Intermediates.noindex/ArchiveIntermediates/Yakusoku/InstallationBuildProductsLocation/Applications/yakusoku.app/yakusoku (in target 'Yakusoku' from project 'Yakusoku')
    cd /Users/runner/work/yakusoku-ios/yakusoku-ios
    /Applications/Xcode_26.6.app/Contents/Developer/Toolchains/XcodeDefault.xctoolchain/usr/bin/dsymutil /Users/runner/Library/Developer/Xcode/DerivedData/Yakusoku-egqvbuwaxpgagofmgmssfdirwlml/Build/Intermediates.noindex/ArchiveIntermediates/Yakusoku/InstallationBuildProductsLocation/Applications/yakusoku.app/yakusoku -o /Users/runner/Library/Developer/Xcode/DerivedData/Yakusoku-egqvbuwaxpgagofmgmssfdirwlml/Build/Intermediates.noindex/ArchiveIntermediates/Yakusoku/BuildProductsPath/Release-iphoneos/yakusoku.app.dSYM

AppIntentsSSUTraining (in target 'Yakusoku' from project 'Yakusoku')
    cd /Users/runner/work/yakusoku-ios/yakusoku-ios
    /Applications/Xcode_26.6.app/Contents/Developer/Toolchains/XcodeDefault.xctoolchain/usr/bin/appintentsnltrainingprocessor --infoplist-path /Users/runner/Library/Developer/Xcode/DerivedData/Yakusoku-egqvbuwaxpgagofmgmssfdirwlml/Build/Intermediates.noindex/ArchiveIntermediates/Yakusoku/InstallationBuildProductsLocation/Applications/yakusoku.app/Info.plist --temp-dir-path /Users/runner/Library/Developer/Xcode/DerivedData/Yakusoku-egqvbuwaxpgagofmgmssfdirwlml/Build/Intermediates.noindex/ArchiveIntermediates/Yakusoku/IntermediateBuildFilesPath/Yakusoku.build/Release-iphoneos/Yakusoku.build/ssu --bundle-id com.yakusoku.app --product-path /Users/runner/Library/Developer/Xcode/DerivedData/Yakusoku-egqvbuwaxpgagofmgmssfdirwlml/Build/Intermediates.noindex/ArchiveIntermediates/Yakusoku/InstallationBuildProductsLocation/Applications/yakusoku.app --extracted-metadata-path /Users/runner/Library/Developer/Xcode/DerivedData/Yakusoku-egqvbuwaxpgagofmgmssfdirwlml/Build/Intermediates.noindex/ArchiveIntermediates/Yakusoku/InstallationBuildProductsLocation/Applications/yakusoku.app/Metadata.appintents --deployment-postprocessing --metadata-file-list /Users/runner/Library/Developer/Xcode/DerivedData/Yakusoku-egqvbuwaxpgagofmgmssfdirwlml/Build/Intermediates.noindex/ArchiveIntermediates/Yakusoku/IntermediateBuildFilesPath/Yakusoku.build/Release-iphoneos/Yakusoku.build/yakusoku.DependencyMetadataFileList --source-file /Users/runner/Library/Developer/Xcode/DerivedData/Yakusoku-egqvbuwaxpgagofmgmssfdirwlml/Build/Intermediates.noindex/ArchiveIntermediates/Yakusoku/InstallationBuildProductsLocation/Applications/yakusoku.app/Info.plist --archive-ssu-assets
2026-09-02 19:28:56.940 appintentsnltrainingprocessor[2499:11518] Parsing options for appintentsnltrainingprocessor
2026-09-02 19:28:56.953 appintentsnltrainingprocessor[2499:11518] Starting AppIntents SSU YAML Generation
2026-09-02 19:28:56.985 appintentsnltrainingprocessor[2499:11518] No AppShortcuts found - Skipping.

Strip /Users/runner/Library/Developer/Xcode/DerivedData/Yakusoku-egqvbuwaxpgagofmgmssfdirwlml/Build/Intermediates.noindex/ArchiveIntermediates/Yakusoku/InstallationBuildProductsLocation/Applications/yakusoku.app/yakusoku (in target 'Yakusoku' from project 'Yakusoku')
    cd /Users/runner/work/yakusoku-ios/yakusoku-ios
    /Applications/Xcode_26.6.app/Contents/Developer/Toolchains/XcodeDefault.xctoolchain/usr/bin/strip -D /Users/runner/Library/Developer/Xcode/DerivedData/Yakusoku-egqvbuwaxpgagofmgmssfdirwlml/Build/Intermediates.noindex/ArchiveIntermediates/Yakusoku/InstallationBuildProductsLocation/Applications/yakusoku.app/yakusoku

SetOwnerAndGroup runner:staff /Users/runner/Library/Developer/Xcode/DerivedData/Yakusoku-egqvbuwaxpgagofmgmssfdirwlml/Build/Intermediates.noindex/ArchiveIntermediates/Yakusoku/InstallationBuildProductsLocation/Applications/yakusoku.app (in target 'Yakusoku' from project 'Yakusoku')
    cd /Users/runner/work/yakusoku-ios/yakusoku-ios
    /usr/sbin/chown -RH runner:staff /Users/runner/Library/Developer/Xcode/DerivedData/Yakusoku-egqvbuwaxpgagofmgmssfdirwlml/Build/Intermediates.noindex/ArchiveIntermediates/Yakusoku/InstallationBuildProductsLocation/Applications/yakusoku.app

SetMode u+w,go-w,a+rX /Users/runner/Library/Developer/Xcode/DerivedData/Yakusoku-egqvbuwaxpgagofmgmssfdirwlml/Build/Intermediates.noindex/ArchiveIntermediates/Yakusoku/InstallationBuildProductsLocation/Applications/yakusoku.app (in target 'Yakusoku' from project 'Yakusoku')
    cd /Users/runner/work/yakusoku-ios/yakusoku-ios
    /bin/chmod -RH u+w,go-w,a+rX /Users/runner/Library/Developer/Xcode/DerivedData/Yakusoku-egqvbuwaxpgagofmgmssfdirwlml/Build/Intermediates.noindex/ArchiveIntermediates/Yakusoku/InstallationBuildProductsLocation/Applications/yakusoku.app

RegisterExecutionPolicyException /Users/runner/Library/Developer/Xcode/DerivedData/Yakusoku-egqvbuwaxpgagofmgmssfdirwlml/Build/Intermediates.noindex/ArchiveIntermediates/Yakusoku/InstallationBuildProductsLocation/Applications/yakusoku.app (in target 'Yakusoku' from project 'Yakusoku')
    cd /Users/runner/work/yakusoku-ios/yakusoku-ios
    builtin-RegisterExecutionPolicyException /Users/runner/Library/Developer/Xcode/DerivedData/Yakusoku-egqvbuwaxpgagofmgmssfdirwlml/Build/Intermediates.noindex/ArchiveIntermediates/Yakusoku/InstallationBuildProductsLocation/Applications/yakusoku.app

Validate /Users/runner/Library/Developer/Xcode/DerivedData/Yakusoku-egqvbuwaxpgagofmgmssfdirwlml/Build/Intermediates.noindex/ArchiveIntermediates/Yakusoku/InstallationBuildProductsLocation/Applications/yakusoku.app (in target 'Yakusoku' from project 'Yakusoku')
    cd /Users/runner/work/yakusoku-ios/yakusoku-ios
    builtin-validationUtility /Users/runner/Library/Developer/Xcode/DerivedData/Yakusoku-egqvbuwaxpgagofmgmssfdirwlml/Build/Intermediates.noindex/ArchiveIntermediates/Yakusoku/InstallationBuildProductsLocation/Applications/yakusoku.app -validate-for-store -shallow-bundle -infoplist-subpath Info.plist

Touch /Users/runner/Library/Developer/Xcode/DerivedData/Yakusoku-egqvbuwaxpgagofmgmssfdirwlml/Build/Intermediates.noindex/ArchiveIntermediates/Yakusoku/InstallationBuildProductsLocation/Applications/yakusoku.app (in target 'Yakusoku' from project 'Yakusoku')
    cd /Users/runner/work/yakusoku-ios/yakusoku-ios
    /usr/bin/touch -c /Users/runner/Library/Developer/Xcode/DerivedData/Yakusoku-egqvbuwaxpgagofmgmssfdirwlml/Build/Intermediates.noindex/ArchiveIntermediates/Yakusoku/InstallationBuildProductsLocation/Applications/yakusoku.app

** ARCHIVE SUCCEEDED **

